// Jest Snapshot v1, https://goo.gl/fbAQLP

exports[`<input> demo: render [basic] correctly 1`] = `
"<div class=\\"mb-space mb-space-horizontal mb-space-align-center\\">
  <div class=\\"mb-space-item\\" style=\\"margin-right: 8px;\\"><span class=\\"mb-input-wrapper\\" style=\\"width: 320px;\\"><!----><input class=\\"mb-input mb-input-size-medium\\" type=\\"text\\" placeholder=\\"Please enter something\\"><!----><!----></span></div>
  <div class=\\"mb-space-item\\"><span class=\\"mb-input-wrapper\\" style=\\"width: 320px;\\"><!----><input class=\\"mb-input mb-input-size-medium\\" type=\\"text\\" placeholder=\\"Please enter something\\"><span class=\\"mb-icon-hover mb-input-icon-hover mb-input-clear-btn\\"><svg viewBox=\\"0 0 48 48\\" fill=\\"none\\" xmlns=\\"http://www.w3.org/2000/svg\\" stroke=\\"currentColor\\" class=\\"mb-icon mb-icon-close\\" stroke-width=\\"4\\" stroke-linecap=\\"butt\\" stroke-linejoin=\\"miter\\"><path d=\\"M9.857 9.858 24 24m0 0 14.142 14.142M24 24 38.142 9.858M24 24 9.857 38.142\\"></path></svg></span>
    <!----></span>
  </div>
</div>"
`;

exports[`<input> demo: render [group] correctly 1`] = `
"<div class=\\"mb-space mb-space-vertical\\">
  <div class=\\"mb-space-item\\" style=\\"margin-bottom: 24px;\\">
    <div class=\\"mb-input-group\\"><span class=\\"mb-input-wrapper\\" style=\\"width: 160px;\\"><!----><input class=\\"mb-input mb-input-size-medium\\" type=\\"text\\" placeholder=\\"first\\"><!----><!----></span><span class=\\"mb-input-wrapper\\" style=\\"width: 160px;\\"><!----><input class=\\"mb-input mb-input-size-medium\\" type=\\"text\\" placeholder=\\"second\\"><!----><!----></span></div>
  </div>
  <div class=\\"mb-space-item\\">
    <div class=\\"mb-input-group\\"><span class=\\"mb-select-view-single mb-select mb-select-view mb-select-view-size-medium\\" style=\\"width: 160px;\\"><!----><input class=\\"mb-select-view-input\\" readonly=\\"\\" placeholder=\\"first\\"><span class=\\"mb-select-view-value mb-select-view-value-hidden\\"><!----></span><span class=\\"mb-select-view-suffix\\"><!----><span class=\\"mb-select-view-icon\\"><svg viewBox=\\"0 0 48 48\\" fill=\\"none\\" xmlns=\\"http://www.w3.org/2000/svg\\" stroke=\\"currentColor\\" class=\\"mb-icon mb-icon-down mb-select-view-arrow-icon\\" stroke-width=\\"4\\" stroke-linecap=\\"butt\\" stroke-linejoin=\\"miter\\"><path d=\\"M39.6 17.443 24.043 33 8.487 17.443\\"></path></svg></span>
      <!----></span></span>
      <!----><span class=\\"mb-input-wrapper\\" style=\\"width: 160px;\\"><!----><input class=\\"mb-input mb-input-size-medium\\" type=\\"text\\" placeholder=\\"second\\"><!----><!----></span>
    </div>
  </div>
</div>"
`;

exports[`<input> demo: render [password] correctly 1`] = `
"<span class=\\"mb-input-wrapper\\" style=\\"width: 320px;\\"><!----><input class=\\"mb-input mb-input-size-medium\\" type=\\"password\\" placeholder=\\"Please enter something\\"><!----><span class=\\"mb-input-suffix\\"><!----><span class=\\"mb-icon-hover\\"><svg viewBox=\\"0 0 48 48\\" fill=\\"none\\" xmlns=\\"http://www.w3.org/2000/svg\\" stroke=\\"currentColor\\" class=\\"mb-icon mb-icon-eye\\" stroke-width=\\"4\\" stroke-linecap=\\"butt\\" stroke-linejoin=\\"miter\\"><path clip-rule=\\"evenodd\\" d=\\"M24 37c6.627 0 12.627-4.333 18-13-5.373-8.667-11.373-13-18-13-6.627 0-12.627 4.333-18 13 5.373 8.667 11.373 13 18 13Z\\"></path><path d=\\"M29 24a5 5 0 1 1-10 0 5 5 0 0 1 10 0Z\\"></path></svg></span>
<!----></span></span>"
`;

exports[`<input> demo: render [prefix] correctly 1`] = `
"<div class=\\"mb-space mb-space-vertical\\">
  <div class=\\"mb-space-item\\" style=\\"margin-bottom: 24px;\\"><span class=\\"mb-input-wrapper\\" style=\\"width: 320px;\\"><span class=\\"mb-input-prefix\\"><svg viewBox=\\"0 0 48 48\\" fill=\\"none\\" xmlns=\\"http://www.w3.org/2000/svg\\" stroke=\\"currentColor\\" class=\\"mb-icon mb-icon-user\\" stroke-width=\\"4\\" stroke-linecap=\\"butt\\" stroke-linejoin=\\"miter\\"><path d=\\"M7 37c0-4.97 4.03-8 9-8h16c4.97 0 9 3.03 9 8v3a1 1 0 0 1-1 1H8a1 1 0 0 1-1-1v-3Z\\"></path><circle cx=\\"24\\" cy=\\"15\\" r=\\"8\\"></circle></svg></span><input class=\\"mb-input mb-input-size-medium\\" type=\\"text\\" placeholder=\\"Please enter something\\">
    <!---->
    <!----></span>
  </div>
  <div class=\\"mb-space-item\\"><span class=\\"mb-input-wrapper\\" style=\\"width: 320px;\\"><!----><input class=\\"mb-input mb-input-size-medium\\" type=\\"text\\" placeholder=\\"Please enter something\\"><!----><span class=\\"mb-input-suffix\\"><!----><svg viewBox=\\"0 0 48 48\\" fill=\\"none\\" xmlns=\\"http://www.w3.org/2000/svg\\" stroke=\\"currentColor\\" class=\\"mb-icon mb-icon-info-circle\\" stroke-width=\\"4\\" stroke-linecap=\\"butt\\" stroke-linejoin=\\"miter\\"><path d=\\"M24 20v14m0-16v-4m18 10c0 9.941-8.059 18-18 18S6 33.941 6 24 14.059 6 24 6s18 8.059 18 18Z\\"></path></svg><!----></span></span></div>
</div>"
`;

exports[`<input> demo: render [prepend] correctly 1`] = `
"<div class=\\"mb-space mb-space-vertical\\">
  <div class=\\"mb-space-item\\" style=\\"margin-bottom: 24px;\\"><span class=\\"mb-input-outer mb-input-outer-size-medium\\" style=\\"width: 320px;\\"><span class=\\"mb-input-prepend\\"> +86 </span><span class=\\"mb-input-wrapper\\"><!----><input class=\\"mb-input mb-input-size-medium\\" type=\\"text\\" placeholder=\\"Please enter something\\"><!----><!----></span>
    <!----></span>
  </div>
  <div class=\\"mb-space-item\\"><span class=\\"mb-input-outer mb-input-outer-size-medium\\" style=\\"width: 320px;\\"><!----><span class=\\"mb-input-wrapper\\"><!----><input class=\\"mb-input mb-input-size-medium\\" type=\\"text\\" placeholder=\\"Please enter something\\"><!----><!----></span><span class=\\"mb-input-append\\"> RMB </span></span></div>
</div>"
`;

exports[`<input> demo: render [search] correctly 1`] = `
"<div class=\\"mb-space mb-space-vertical\\">
  <div class=\\"mb-space-item\\" style=\\"margin-bottom: 24px;\\"><span class=\\"mb-input-wrapper mb-input-search\\" style=\\"width: 320px;\\"><!----><input class=\\"mb-input mb-input-size-medium\\" type=\\"text\\" placeholder=\\"Please enter something\\"><!----><span class=\\"mb-input-suffix\\"><!----><span class=\\"mb-icon-hover\\"><svg viewBox=\\"0 0 48 48\\" fill=\\"none\\" xmlns=\\"http://www.w3.org/2000/svg\\" stroke=\\"currentColor\\" class=\\"mb-icon mb-icon-search\\" stroke-width=\\"4\\" stroke-linecap=\\"butt\\" stroke-linejoin=\\"miter\\"><path d=\\"M33.072 33.071c6.248-6.248 6.248-16.379 0-22.627-6.249-6.249-16.38-6.249-22.628 0-6.248 6.248-6.248 16.379 0 22.627 6.248 6.248 16.38 6.248 22.628 0Zm0 0 8.485 8.485\\"></path></svg></span>
    <!---->
    <!----></span></span>
  </div>
  <div class=\\"mb-space-item\\"><span class=\\"mb-input-outer mb-input-outer-size-medium mb-input-search\\" style=\\"width: 320px;\\"><!----><span class=\\"mb-input-wrapper\\"><!----><input class=\\"mb-input mb-input-size-medium\\" type=\\"text\\" placeholder=\\"Please enter something\\"><!----><!----></span><span class=\\"mb-input-append\\"><button class=\\"mb-btn mb-btn-primary mb-btn-shape-square mb-btn-size-medium mb-btn-status-normal mb-btn-only-icon mb-input-search-btn\\" type=\\"button\\"><span class=\\"mb-btn-icon\\"><svg viewBox=\\"0 0 48 48\\" fill=\\"none\\" xmlns=\\"http://www.w3.org/2000/svg\\" stroke=\\"currentColor\\" class=\\"mb-icon mb-icon-search\\" stroke-width=\\"4\\" stroke-linecap=\\"butt\\" stroke-linejoin=\\"miter\\"><path d=\\"M33.072 33.071c6.248-6.248 6.248-16.379 0-22.627-6.249-6.249-16.38-6.249-22.628 0-6.248 6.248-6.248 16.379 0 22.627 6.248 6.248 16.38 6.248 22.628 0Zm0 0 8.485 8.485\\"></path></svg></span></button></span></span></div>
</div>"
`;

exports[`<input> demo: render [search-button] correctly 1`] = `
"<div class=\\"mb-space mb-space-vertical\\">
  <div class=\\"mb-space-item\\" style=\\"margin-bottom: 24px;\\"><span class=\\"mb-input-outer mb-input-outer-size-medium mb-input-search\\" style=\\"width: 320px;\\"><!----><span class=\\"mb-input-wrapper\\"><!----><input class=\\"mb-input mb-input-size-medium\\" type=\\"text\\" placeholder=\\"Please enter something\\"><!----><!----></span><span class=\\"mb-input-append\\"><button class=\\"mb-btn mb-btn-primary mb-btn-shape-square mb-btn-size-medium mb-btn-status-normal mb-input-search-btn\\" type=\\"button\\"><!--v-if-->Search</button></span></span></div>
  <div class=\\"mb-space-item\\"><span class=\\"mb-input-outer mb-input-outer-size-medium mb-input-search\\" style=\\"width: 320px;\\"><!----><span class=\\"mb-input-wrapper\\"><!----><input class=\\"mb-input mb-input-size-medium\\" type=\\"text\\" placeholder=\\"Please enter something\\"><!----><!----></span><span class=\\"mb-input-append\\"><button class=\\"mb-btn mb-btn-primary mb-btn-shape-square mb-btn-size-medium mb-btn-status-normal mb-input-search-btn\\" type=\\"button\\"><span class=\\"mb-btn-icon\\"><svg viewBox=\\"0 0 48 48\\" fill=\\"none\\" xmlns=\\"http://www.w3.org/2000/svg\\" stroke=\\"currentColor\\" class=\\"mb-icon mb-icon-search\\" stroke-width=\\"4\\" stroke-linecap=\\"butt\\" stroke-linejoin=\\"miter\\"><path d=\\"M33.072 33.071c6.248-6.248 6.248-16.379 0-22.627-6.249-6.249-16.38-6.249-22.628 0-6.248 6.248-6.248 16.379 0 22.627 6.248 6.248 16.38 6.248 22.628 0Zm0 0 8.485 8.485\\"></path></svg></span> Search </button></span></span></div>
</div>"
`;

exports[`<input> demo: render [search-loading] correctly 1`] = `
"<div class=\\"mb-space mb-space-vertical\\">
  <div class=\\"mb-space-item\\" style=\\"margin-bottom: 24px;\\"><span class=\\"mb-input-wrapper mb-input-search\\" style=\\"width: 320px;\\"><!----><input class=\\"mb-input mb-input-size-medium\\" type=\\"text\\" placeholder=\\"Please enter something\\"><!----><span class=\\"mb-input-suffix\\"><!----><svg viewBox=\\"0 0 48 48\\" fill=\\"none\\" xmlns=\\"http://www.w3.org/2000/svg\\" stroke=\\"currentColor\\" class=\\"mb-icon mb-icon-loading\\" stroke-width=\\"4\\" stroke-linecap=\\"butt\\" stroke-linejoin=\\"miter\\"><path d=\\"M42 24c0 9.941-8.059 18-18 18S6 33.941 6 24 14.059 6 24 6\\"></path></svg><!----><!----></span></span></div>
  <div class=\\"mb-space-item\\"><span class=\\"mb-input-outer mb-input-outer-size-medium mb-input-search\\" style=\\"width: 320px;\\"><!----><span class=\\"mb-input-wrapper\\"><!----><input class=\\"mb-input mb-input-size-medium\\" type=\\"text\\" placeholder=\\"Please enter something\\"><!----><!----></span><span class=\\"mb-input-append\\"><button class=\\"mb-btn mb-btn-primary mb-btn-shape-square mb-btn-size-medium mb-btn-status-normal mb-btn-loading mb-btn-only-icon mb-input-search-btn\\" type=\\"button\\"><span class=\\"mb-btn-icon\\"><svg viewBox=\\"0 0 48 48\\" fill=\\"none\\" xmlns=\\"http://www.w3.org/2000/svg\\" stroke=\\"currentColor\\" class=\\"mb-icon mb-icon-loading mb-icon-spin\\" stroke-width=\\"4\\" stroke-linecap=\\"butt\\" stroke-linejoin=\\"miter\\"><path d=\\"M42 24c0 9.941-8.059 18-18 18S6 33.941 6 24 14.059 6 24 6\\"></path></svg></span></button></span></span></div>
</div>"
`;

exports[`<input> demo: render [size] correctly 1`] = `
"<div class=\\"mb-space mb-space-vertical\\">
  <div class=\\"mb-space-item\\" style=\\"margin-bottom: 24px;\\"><span class=\\"mb-radio-group-button mb-radio-group-size-undefined mb-radio-group-direction-horizontal\\"><label class=\\"mb-radio-button\\"><input type=\\"radio\\" class=\\"mb-radio-target\\" value=\\"mini\\"><span class=\\"mb-radio-button-content\\">mini</span></label><label class=\\"mb-radio-button\\"><input type=\\"radio\\" class=\\"mb-radio-target\\" value=\\"small\\"><span class=\\"mb-radio-button-content\\">small</span></label><label class=\\"mb-radio-button mb-radio-checked\\"><input type=\\"radio\\" class=\\"mb-radio-target\\" value=\\"medium\\"><span class=\\"mb-radio-button-content\\">medium</span></label><label class=\\"mb-radio-button\\"><input type=\\"radio\\" class=\\"mb-radio-target\\" value=\\"large\\"><span class=\\"mb-radio-button-content\\">large</span></label></span></div>
  <div class=\\"mb-space-item\\"><span class=\\"mb-input-wrapper\\" style=\\"width: 320px;\\"><!----><input class=\\"mb-input mb-input-size-medium\\" type=\\"text\\" placeholder=\\"Please enter something\\"><!----><!----></span></div>
</div>"
`;

exports[`<input> demo: render [status] correctly 1`] = `
"<div class=\\"mb-space mb-space-vertical\\">
  <div class=\\"mb-space-item\\" style=\\"margin-bottom: 24px;\\"><span class=\\"mb-input-wrapper mb-input-disabled\\" style=\\"width: 320px;\\"><!----><input class=\\"mb-input mb-input-size-medium\\" type=\\"text\\" placeholder=\\"Disabled status\\" disabled=\\"\\"><!----><!----></span></div>
  <div class=\\"mb-space-item\\" style=\\"margin-bottom: 24px;\\"><span class=\\"mb-input-wrapper mb-input-disabled\\" style=\\"width: 320px;\\"><!----><input class=\\"mb-input mb-input-size-medium\\" type=\\"text\\" placeholder=\\"Disabled status\\" disabled=\\"\\"><!----><!----></span></div>
  <div class=\\"mb-space-item\\"><span class=\\"mb-input-wrapper mb-input-error\\" style=\\"width: 320px;\\"><!----><input aria-invalid=\\"true\\" class=\\"mb-input mb-input-size-medium\\" type=\\"text\\" placeholder=\\"Error status\\"><!----><!----></span></div>
</div>"
`;

exports[`<input> demo: render [word-limit] correctly 1`] = `
"<div class=\\"mb-space mb-space-vertical mb-space-fill\\">
  <div class=\\"mb-space-item\\" style=\\"margin-bottom: 24px;\\"><span class=\\"mb-input-wrapper\\" style=\\"width: 320px;\\"><!----><input class=\\"mb-input mb-input-size-medium\\" type=\\"text\\" placeholder=\\"Please enter something\\"><!----><span class=\\"mb-input-suffix\\"><span class=\\"mb-input-word-limit\\">0/10</span>
    <!---->
    <!----></span></span>
  </div>
  <div class=\\"mb-space-item\\"><span class=\\"mb-input-wrapper\\" style=\\"width: 320px;\\"><!----><input class=\\"mb-input mb-input-size-medium\\" type=\\"text\\" placeholder=\\"Please enter something\\"><!----><span class=\\"mb-input-suffix\\"><span class=\\"mb-input-word-limit\\">0/10</span>
    <!---->
    <!----></span></span>
  </div>
</div>"
`;
