// Jest Snapshot v1, https://goo.gl/fbAQLP

exports[`<notification> demo: render [basic] correctly 1`] = `
"<button class=\\"mb-btn mb-btn-secondary mb-btn-shape-square mb-btn-size-medium mb-btn-status-normal\\" type=\\"button\\">
  <!--v-if-->Open Notification
</button>"
`;

exports[`<notification> demo: render [position] correctly 1`] = `
"<div class=\\"mb-space mb-space-horizontal mb-space-align-center\\">
  <div class=\\"mb-space-item\\" style=\\"margin-right: 8px;\\"><button class=\\"mb-btn mb-btn-secondary mb-btn-shape-square mb-btn-size-medium mb-btn-status-normal\\" type=\\"button\\">
      <!--v-if-->Top Right Message
    </button></div>
  <div class=\\"mb-space-item\\" style=\\"margin-right: 8px;\\"><button class=\\"mb-btn mb-btn-secondary mb-btn-shape-square mb-btn-size-medium mb-btn-status-normal\\" type=\\"button\\">
      <!--v-if-->Top Left Message
    </button></div>
  <div class=\\"mb-space-item\\" style=\\"margin-right: 8px;\\"><button class=\\"mb-btn mb-btn-secondary mb-btn-shape-square mb-btn-size-medium mb-btn-status-normal\\" type=\\"button\\">
      <!--v-if-->Bottom Right Message
    </button></div>
  <div class=\\"mb-space-item\\"><button class=\\"mb-btn mb-btn-secondary mb-btn-shape-square mb-btn-size-medium mb-btn-status-normal\\" type=\\"button\\">
      <!--v-if-->Bottom Left Message
    </button></div>
</div>"
`;

exports[`<notification> demo: render [type] correctly 1`] = `
"<div class=\\"mb-space mb-space-horizontal mb-space-align-center\\">
  <div class=\\"mb-space-item\\" style=\\"margin-right: 8px;\\"><button class=\\"mb-btn mb-btn-secondary mb-btn-shape-square mb-btn-size-medium mb-btn-status-normal\\" type=\\"button\\">
      <!--v-if-->Info Message
    </button></div>
  <div class=\\"mb-space-item\\" style=\\"margin-right: 8px;\\"><button class=\\"mb-btn mb-btn-secondary mb-btn-shape-square mb-btn-size-medium mb-btn-status-success\\" type=\\"button\\">
      <!--v-if-->Success Message
    </button></div>
  <div class=\\"mb-space-item\\" style=\\"margin-right: 8px;\\"><button class=\\"mb-btn mb-btn-secondary mb-btn-shape-square mb-btn-size-medium mb-btn-status-warning\\" type=\\"button\\">
      <!--v-if-->Warning Message
    </button></div>
  <div class=\\"mb-space-item\\"><button class=\\"mb-btn mb-btn-secondary mb-btn-shape-square mb-btn-size-medium mb-btn-status-danger\\" type=\\"button\\">
      <!--v-if-->Error Message
    </button></div>
</div>"
`;
