// Jest Snapshot v1, https://goo.gl/fbAQLP

exports[`Drawer should render Drawer 1`] = `
"<!--teleport start-->
<div class=\\"mb-drawer-container\\" style=\\"z-index: 0; display: none;\\">
  <transition-stub>
    <div class=\\"mb-drawer-mask\\" style=\\"display: none;\\"></div>
  </transition-stub>
  <transition-stub>
    <div class=\\"mb-drawer\\" style=\\"right: 0px; width: 250px; display: none;\\">
      <div class=\\"mb-drawer-header\\">
        <div class=\\"mb-drawer-title\\">Title</div>
        <div tabindex=\\"-1\\" role=\\"button\\" aria-label=\\"Close\\" class=\\"mb-drawer-close-btn\\"><span class=\\"mb-icon-hover\\"><svg viewBox=\\"0 0 48 48\\" fill=\\"none\\" xmlns=\\"http://www.w3.org/2000/svg\\" stroke=\\"currentColor\\" class=\\"mb-icon mb-icon-close\\" stroke-width=\\"4\\" stroke-linecap=\\"butt\\" stroke-linejoin=\\"miter\\"><path d=\\"M9.857 9.858 24 24m0 0 14.142 14.142M24 24 38.142 9.858M24 24 9.857 38.142\\"></path></svg></span></div>
      </div>
      <div class=\\"mb-drawer-body\\">
        <div>Modal Body</div>
      </div>
      <div class=\\"mb-drawer-footer\\"><button class=\\"mb-btn mb-btn-secondary mb-btn-shape-square mb-btn-size-medium mb-btn-status-normal\\" type=\\"button\\">
          <!--v-if-->取消
        </button><button class=\\"mb-btn mb-btn-primary mb-btn-shape-square mb-btn-size-medium mb-btn-status-normal\\" type=\\"button\\">
          <!--v-if-->确定
        </button></div>
    </div>
  </transition-stub>
</div>
<!--teleport end-->"
`;
