// Jest Snapshot v1, https://goo.gl/fbAQLP

exports[`<radio> demo: render [basic] correctly 1`] = `
"<div class=\\"mb-space mb-space-horizontal mb-space-align-center\\">
  <div class=\\"mb-space-item\\" style=\\"margin-right: 24px;\\"><label class=\\"mb-radio\\"><input type=\\"radio\\" class=\\"mb-radio-target\\" value=\\"radio\\"><span class=\\"mb-icon-hover mb-radio-icon-hover\\"><span class=\\"mb-radio-icon\\"></span></span><span class=\\"mb-radio-label\\">Radio</span></label></div>
  <div class=\\"mb-space-item\\"><label class=\\"mb-radio mb-radio-checked mb-radio-disabled\\"><input type=\\"radio\\" class=\\"mb-radio-target\\" disabled=\\"\\" value=\\"disabled radio\\"><span class=\\"mb-icon-hover mb-icon-hover-disabled mb-radio-icon-hover\\"><span class=\\"mb-radio-icon\\"></span></span><span class=\\"mb-radio-label\\">Disabled Radio</span></label></div>
</div>"
`;

exports[`<radio> demo: render [button] correctly 1`] = `"<span class=\\"mb-radio-group-button mb-radio-group-size-undefined mb-radio-group-direction-horizontal\\"><label class=\\"mb-radio-button\\"><input type=\\"radio\\" class=\\"mb-radio-target\\" value=\\"Beijing\\"><span class=\\"mb-radio-button-content\\">Beijing</span></label><label class=\\"mb-radio-button\\"><input type=\\"radio\\" class=\\"mb-radio-target\\" value=\\"Shanghai\\"><span class=\\"mb-radio-button-content\\">Shanghai</span></label><label class=\\"mb-radio-button\\"><input type=\\"radio\\" class=\\"mb-radio-target\\" value=\\"Guangzhou\\"><span class=\\"mb-radio-button-content\\">Guangzhou</span></label><label class=\\"mb-radio-button\\"><input type=\\"radio\\" class=\\"mb-radio-target\\" value=\\"Shenzhen\\"><span class=\\"mb-radio-button-content\\">Shenzhen</span></label></span>"`;

exports[`<radio> demo: render [control] correctly 1`] = `
"<div class=\\"mb-space mb-space-horizontal mb-space-align-center\\">
  <div class=\\"mb-space-item\\" style=\\"margin-right: 24px;\\"><label class=\\"mb-radio\\"><input type=\\"radio\\" class=\\"mb-radio-target\\" value=\\"true\\"><span class=\\"mb-icon-hover mb-radio-icon-hover\\"><span class=\\"mb-radio-icon\\"></span></span><span class=\\"mb-radio-label\\">v-model</span></label></div>
  <div class=\\"mb-space-item\\" style=\\"margin-right: 24px;\\"><label class=\\"mb-radio mb-radio-checked\\"><input type=\\"radio\\" class=\\"mb-radio-target\\" value=\\"true\\"><span class=\\"mb-icon-hover mb-icon-hover-disabled mb-radio-icon-hover\\"><span class=\\"mb-radio-icon\\"></span></span><span class=\\"mb-radio-label\\">binding \\"true\\"</span></label></div>
  <div class=\\"mb-space-item\\" style=\\"margin-right: 24px;\\"><label class=\\"mb-radio\\"><input type=\\"radio\\" class=\\"mb-radio-target\\" value=\\"true\\"><span class=\\"mb-icon-hover mb-radio-icon-hover\\"><span class=\\"mb-radio-icon\\"></span></span><span class=\\"mb-radio-label\\">binding value2</span></label></div>
  <div class=\\"mb-space-item\\"><label class=\\"mb-radio mb-radio-checked\\"><input type=\\"radio\\" class=\\"mb-radio-target\\" value=\\"true\\"><span class=\\"mb-icon-hover mb-icon-hover-disabled mb-radio-icon-hover\\"><span class=\\"mb-radio-icon\\"></span></span><span class=\\"mb-radio-label\\">uncontrolled state</span></label></div>
</div>
<div style=\\"margin-top: 20px;\\">
  <div class=\\"mb-space mb-space-horizontal mb-space-align-center\\">
    <div class=\\"mb-space-item\\" style=\\"margin-right: 24px;\\"><button class=\\"mb-btn mb-btn-primary mb-btn-shape-square mb-btn-size-medium mb-btn-status-normal\\" type=\\"button\\">
        <!--v-if-->check value2
      </button></div>
    <div class=\\"mb-space-item\\"><button class=\\"mb-btn mb-btn-secondary mb-btn-shape-square mb-btn-size-medium mb-btn-status-normal\\" type=\\"button\\">
        <!--v-if--> reset all
      </button></div>
  </div>
</div>"
`;

exports[`<radio> demo: render [custom] correctly 1`] = `
"<span class=\\"mb-radio-group mb-radio-group-size-undefined mb-radio-group-direction-horizontal\\"><label class=\\"mb-radio mb-radio-checked\\"><input type=\\"radio\\" class=\\"mb-radio-target\\" value=\\"1\\"><span class=\\"mb-tag mb-tag-size-medium mb-tag-checkable mb-tag-checked\\"><!--v-if-->This is a tag radio 1<!--v-if--><!--v-if--></span></label><label class=\\"mb-radio\\"><input type=\\"radio\\" class=\\"mb-radio-target\\" value=\\"2\\"><span class=\\"mb-tag mb-tag-size-medium mb-tag-checkable\\"><!--v-if-->This is a tag radio 2<!--v-if--><!--v-if--></span></label><label class=\\"mb-radio\\"><input type=\\"radio\\" class=\\"mb-radio-target\\" value=\\"3\\"><span class=\\"mb-tag mb-tag-size-medium mb-tag-checkable\\"><!--v-if-->This is a tag radio 3<!--v-if--><!--v-if--></span></label></span>
<div style=\\"margin-top: 20px;\\"><span class=\\"mb-radio-group mb-radio-group-size-undefined mb-radio-group-direction-horizontal\\"><label class=\\"mb-radio\\"><input type=\\"radio\\" class=\\"mb-radio-target\\" value=\\"1\\"><div class=\\"mb-space mb-space-horizontal mb-space-align-start custom-radio-card\\"><div class=\\"mb-space-item\\" style=\\"margin-right: 8px;\\"><div class=\\"custom-radio-card-mask\\"><div class=\\"custom-radio-card-mask-dot\\"></div></div></div><div class=\\"mb-space-item\\"><div><div class=\\"custom-radio-card-title\\"> radio Card 1</div><span class=\\"mb-typography mb-typography-secondary\\"> this is a text <!----><!--v-if--><!--v-if--><!--v-if--></span></div>
</div>
</div></label><label class=\\"mb-radio\\"><input type=\\"radio\\" class=\\"mb-radio-target\\" value=\\"2\\">
  <div class=\\"mb-space mb-space-horizontal mb-space-align-start custom-radio-card\\">
    <div class=\\"mb-space-item\\" style=\\"margin-right: 8px;\\">
      <div class=\\"custom-radio-card-mask\\">
        <div class=\\"custom-radio-card-mask-dot\\"></div>
      </div>
    </div>
    <div class=\\"mb-space-item\\">
      <div>
        <div class=\\"custom-radio-card-title\\"> radio Card 2</div><span class=\\"mb-typography mb-typography-secondary\\"> this is a text <!----><!--v-if--><!--v-if--><!--v-if--></span>
      </div>
    </div>
  </div>
</label></span></div>"
`;

exports[`<radio> demo: render [direction] correctly 1`] = `"<span class=\\"mb-radio-group mb-radio-group-size-undefined mb-radio-group-direction-vertical\\"><label class=\\"mb-radio\\"><input type=\\"radio\\" class=\\"mb-radio-target\\" value=\\"A\\"><span class=\\"mb-icon-hover mb-radio-icon-hover\\"><span class=\\"mb-radio-icon\\"></span></span><span class=\\"mb-radio-label\\">A</span></label><label class=\\"mb-radio\\"><input type=\\"radio\\" class=\\"mb-radio-target\\" value=\\"B\\"><span class=\\"mb-icon-hover mb-radio-icon-hover\\"><span class=\\"mb-radio-icon\\"></span></span><span class=\\"mb-radio-label\\">B</span></label><label class=\\"mb-radio\\"><input type=\\"radio\\" class=\\"mb-radio-target\\" value=\\"C\\"><span class=\\"mb-icon-hover mb-radio-icon-hover\\"><span class=\\"mb-radio-icon\\"></span></span><span class=\\"mb-radio-label\\">C</span></label><label class=\\"mb-radio\\"><input type=\\"radio\\" class=\\"mb-radio-target\\" value=\\"D\\"><span class=\\"mb-icon-hover mb-radio-icon-hover\\"><span class=\\"mb-radio-icon\\"></span></span><span class=\\"mb-radio-label\\">D</span></label></span>"`;

exports[`<radio> demo: render [group] correctly 1`] = `
"<div class=\\"mb-space mb-space-vertical\\">
  <div class=\\"mb-space-item\\" style=\\"margin-bottom: 24px;\\"><span class=\\"mb-radio-group mb-radio-group-size-undefined mb-radio-group-direction-horizontal\\"><label class=\\"mb-radio\\"><input type=\\"radio\\" class=\\"mb-radio-target\\" value=\\"A\\"><span class=\\"mb-icon-hover mb-radio-icon-hover\\"><span class=\\"mb-radio-icon\\"></span></span><span class=\\"mb-radio-label\\">A</span></label><label class=\\"mb-radio\\"><input type=\\"radio\\" class=\\"mb-radio-target\\" value=\\"B\\"><span class=\\"mb-icon-hover mb-radio-icon-hover\\"><span class=\\"mb-radio-icon\\"></span></span><span class=\\"mb-radio-label\\">B</span></label><label class=\\"mb-radio\\"><input type=\\"radio\\" class=\\"mb-radio-target\\" value=\\"C\\"><span class=\\"mb-icon-hover mb-radio-icon-hover\\"><span class=\\"mb-radio-icon\\"></span></span><span class=\\"mb-radio-label\\">C</span></label><label class=\\"mb-radio\\"><input type=\\"radio\\" class=\\"mb-radio-target\\" value=\\"D\\"><span class=\\"mb-icon-hover mb-radio-icon-hover\\"><span class=\\"mb-radio-icon\\"></span></span><span class=\\"mb-radio-label\\">D</span></label></span></div>
  <div class=\\"mb-space-item\\"><span class=\\"mb-radio-group mb-radio-group-size-undefined mb-radio-group-direction-horizontal\\"><label class=\\"mb-radio\\"><input type=\\"radio\\" class=\\"mb-radio-target\\" value=\\"A\\"><span class=\\"mb-icon-hover mb-radio-icon-hover\\"><span class=\\"mb-radio-icon\\"></span></span><span class=\\"mb-radio-label\\">A</span></label><label class=\\"mb-radio\\"><input type=\\"radio\\" class=\\"mb-radio-target\\" value=\\"B\\"><span class=\\"mb-icon-hover mb-radio-icon-hover\\"><span class=\\"mb-radio-icon\\"></span></span><span class=\\"mb-radio-label\\">B</span></label><label class=\\"mb-radio\\"><input type=\\"radio\\" class=\\"mb-radio-target\\" value=\\"C\\"><span class=\\"mb-icon-hover mb-radio-icon-hover\\"><span class=\\"mb-radio-icon\\"></span></span><span class=\\"mb-radio-label\\">C</span></label><label class=\\"mb-radio mb-radio-disabled\\"><input type=\\"radio\\" class=\\"mb-radio-target\\" disabled=\\"\\" value=\\"D\\"><span class=\\"mb-icon-hover mb-icon-hover-disabled mb-radio-icon-hover\\"><span class=\\"mb-radio-icon\\"></span></span><span class=\\"mb-radio-label\\">D</span></label></span></div>
</div>"
`;

exports[`<radio> demo: render [layout] correctly 1`] = `
"<span class=\\"mb-radio-group mb-radio-group-size-undefined mb-radio-group-direction-horizontal\\"><div class=\\"mb-grid\\" style=\\"gap: 16px 24px; grid-template-columns: repeat(3, minmax(0px, 1fr));\\"><div class=\\"mb-grid-item\\" style=\\"grid-column: span 1 / span 1; display: none;\\"><label class=\\"mb-radio mb-radio-checked\\"><input type=\\"radio\\" class=\\"mb-radio-target\\" value=\\"1\\"><span class=\\"mb-icon-hover mb-icon-hover-disabled mb-radio-icon-hover\\"><span class=\\"mb-radio-icon\\"></span></span><span class=\\"mb-radio-label\\">Option 1</span></label></div>
<div class=\\"mb-grid-item\\" style=\\"grid-column: span 1 / span 1; display: none;\\"><label class=\\"mb-radio mb-radio-disabled\\"><input type=\\"radio\\" class=\\"mb-radio-target\\" disabled=\\"\\" value=\\"2\\"><span class=\\"mb-icon-hover mb-icon-hover-disabled mb-radio-icon-hover\\"><span class=\\"mb-radio-icon\\"></span></span><span class=\\"mb-radio-label\\">Option 2</span></label></div>
<div class=\\"mb-grid-item\\" style=\\"grid-column: span 1 / span 1; display: none;\\"><label class=\\"mb-radio\\"><input type=\\"radio\\" class=\\"mb-radio-target\\" value=\\"3\\"><span class=\\"mb-icon-hover mb-radio-icon-hover\\"><span class=\\"mb-radio-icon\\"></span></span><span class=\\"mb-radio-label\\">Option 3</span></label></div>
<div class=\\"mb-grid-item\\" style=\\"grid-column: span 1 / span 1; display: none;\\"><label class=\\"mb-radio\\"><input type=\\"radio\\" class=\\"mb-radio-target\\" value=\\"4\\"><span class=\\"mb-icon-hover mb-radio-icon-hover\\"><span class=\\"mb-radio-icon\\"></span></span><span class=\\"mb-radio-label\\">Option 4</span></label></div>
<div class=\\"mb-grid-item\\" style=\\"grid-column: span 1 / span 1; display: none;\\"><label class=\\"mb-radio\\"><input type=\\"radio\\" class=\\"mb-radio-target\\" value=\\"5\\"><span class=\\"mb-icon-hover mb-radio-icon-hover\\"><span class=\\"mb-radio-icon\\"></span></span><span class=\\"mb-radio-label\\">Option 5</span></label></div>
</div></span>"
`;

exports[`<radio> demo: render [options] correctly 1`] = `
"<div class=\\"mb-space mb-space-vertical\\">
  <div class=\\"mb-space-item\\" style=\\"margin-bottom: 24px;\\"><span class=\\"mb-radio-group mb-radio-group-size-undefined mb-radio-group-direction-horizontal\\"><label class=\\"mb-radio mb-radio-checked\\"><input type=\\"radio\\" class=\\"mb-radio-target\\" value=\\"plain 1\\"><span class=\\"mb-icon-hover mb-icon-hover-disabled mb-radio-icon-hover\\"><span class=\\"mb-radio-icon\\"></span></span><span class=\\"mb-radio-label\\">plain 1</span></label><label class=\\"mb-radio\\"><input type=\\"radio\\" class=\\"mb-radio-target\\" value=\\"plain 2\\"><span class=\\"mb-icon-hover mb-radio-icon-hover\\"><span class=\\"mb-radio-icon\\"></span></span><span class=\\"mb-radio-label\\">plain 2</span></label><label class=\\"mb-radio\\"><input type=\\"radio\\" class=\\"mb-radio-target\\" value=\\"plain 3\\"><span class=\\"mb-icon-hover mb-radio-icon-hover\\"><span class=\\"mb-radio-icon\\"></span></span><span class=\\"mb-radio-label\\">plain 3</span></label></span></div>
  <div class=\\"mb-space-item\\" style=\\"margin-bottom: 24px;\\"><span class=\\"mb-radio-group mb-radio-group-size-undefined mb-radio-group-direction-horizontal\\"><label class=\\"mb-radio mb-radio-checked\\"><input type=\\"radio\\" class=\\"mb-radio-target\\" value=\\"1\\"><span class=\\"mb-icon-hover mb-icon-hover-disabled mb-radio-icon-hover\\"><span class=\\"mb-radio-icon\\"></span></span><span class=\\"mb-radio-label\\">option 1</span></label><label class=\\"mb-radio\\"><input type=\\"radio\\" class=\\"mb-radio-target\\" value=\\"2\\"><span class=\\"mb-icon-hover mb-radio-icon-hover\\"><span class=\\"mb-radio-icon\\"></span></span><span class=\\"mb-radio-label\\">option 2</span></label><label class=\\"mb-radio mb-radio-disabled\\"><input type=\\"radio\\" class=\\"mb-radio-target\\" disabled=\\"\\" value=\\"3\\"><span class=\\"mb-icon-hover mb-icon-hover-disabled mb-radio-icon-hover\\"><span class=\\"mb-radio-icon\\"></span></span><span class=\\"mb-radio-label\\">option 3</span></label></span></div>
  <div class=\\"mb-space-item\\"><span class=\\"mb-radio-group mb-radio-group-size-undefined mb-radio-group-direction-horizontal\\"><label class=\\"mb-radio mb-radio-checked\\"><input type=\\"radio\\" class=\\"mb-radio-target\\" value=\\"1\\"><span class=\\"mb-icon-hover mb-icon-hover-disabled mb-radio-icon-hover\\"><span class=\\"mb-radio-icon\\"></span></span><span class=\\"mb-radio-label\\"><span class=\\"mb-tag mb-tag-size-medium mb-tag-checked\\"><!--v-if-->option 1<!--v-if--><!--v-if--></span></span></label><label class=\\"mb-radio\\"><input type=\\"radio\\" class=\\"mb-radio-target\\" value=\\"2\\"><span class=\\"mb-icon-hover mb-radio-icon-hover\\"><span class=\\"mb-radio-icon\\"></span></span><span class=\\"mb-radio-label\\"><span class=\\"mb-tag mb-tag-size-medium mb-tag-checked\\"><!--v-if-->option 2<!--v-if--><!--v-if--></span></span></label><label class=\\"mb-radio mb-radio-disabled\\"><input type=\\"radio\\" class=\\"mb-radio-target\\" disabled=\\"\\" value=\\"3\\"><span class=\\"mb-icon-hover mb-icon-hover-disabled mb-radio-icon-hover\\"><span class=\\"mb-radio-icon\\"></span></span><span class=\\"mb-radio-label\\"><span class=\\"mb-tag mb-tag-size-medium mb-tag-checked\\"><!--v-if-->option 3<!--v-if--><!--v-if--></span></span></label></span></div>
</div>"
`;

exports[`<radio> demo: render [size] correctly 1`] = `
"<div class=\\"mb-space mb-space-vertical\\">
  <div class=\\"mb-space-item\\" style=\\"margin-bottom: 24px;\\"><span class=\\"mb-radio-group-button mb-radio-group-size-mini mb-radio-group-direction-horizontal\\"><label class=\\"mb-radio-button\\"><input type=\\"radio\\" class=\\"mb-radio-target\\" value=\\"Beijing\\"><span class=\\"mb-radio-button-content\\">Beijing</span></label><label class=\\"mb-radio-button\\"><input type=\\"radio\\" class=\\"mb-radio-target\\" value=\\"Shanghai\\"><span class=\\"mb-radio-button-content\\">Shanghai</span></label><label class=\\"mb-radio-button\\"><input type=\\"radio\\" class=\\"mb-radio-target\\" value=\\"Guangzhou\\"><span class=\\"mb-radio-button-content\\">Guangzhou</span></label><label class=\\"mb-radio-button\\"><input type=\\"radio\\" class=\\"mb-radio-target\\" value=\\"Shenzhen\\"><span class=\\"mb-radio-button-content\\">Shenzhen</span></label></span></div>
  <div class=\\"mb-space-item\\" style=\\"margin-bottom: 24px;\\"><span class=\\"mb-radio-group-button mb-radio-group-size-small mb-radio-group-direction-horizontal\\"><label class=\\"mb-radio-button\\"><input type=\\"radio\\" class=\\"mb-radio-target\\" value=\\"Beijing\\"><span class=\\"mb-radio-button-content\\">Beijing</span></label><label class=\\"mb-radio-button\\"><input type=\\"radio\\" class=\\"mb-radio-target\\" value=\\"Shanghai\\"><span class=\\"mb-radio-button-content\\">Shanghai</span></label><label class=\\"mb-radio-button\\"><input type=\\"radio\\" class=\\"mb-radio-target\\" value=\\"Guangzhou\\"><span class=\\"mb-radio-button-content\\">Guangzhou</span></label><label class=\\"mb-radio-button\\"><input type=\\"radio\\" class=\\"mb-radio-target\\" value=\\"Shenzhen\\"><span class=\\"mb-radio-button-content\\">Shenzhen</span></label></span></div>
  <div class=\\"mb-space-item\\" style=\\"margin-bottom: 24px;\\"><span class=\\"mb-radio-group-button mb-radio-group-size-undefined mb-radio-group-direction-horizontal\\"><label class=\\"mb-radio-button\\"><input type=\\"radio\\" class=\\"mb-radio-target\\" value=\\"Beijing\\"><span class=\\"mb-radio-button-content\\">Beijing</span></label><label class=\\"mb-radio-button\\"><input type=\\"radio\\" class=\\"mb-radio-target\\" value=\\"Shanghai\\"><span class=\\"mb-radio-button-content\\">Shanghai</span></label><label class=\\"mb-radio-button\\"><input type=\\"radio\\" class=\\"mb-radio-target\\" value=\\"Guangzhou\\"><span class=\\"mb-radio-button-content\\">Guangzhou</span></label><label class=\\"mb-radio-button\\"><input type=\\"radio\\" class=\\"mb-radio-target\\" value=\\"Shenzhen\\"><span class=\\"mb-radio-button-content\\">Shenzhen</span></label></span></div>
  <div class=\\"mb-space-item\\"><span class=\\"mb-radio-group-button mb-radio-group-size-large mb-radio-group-direction-horizontal\\"><label class=\\"mb-radio-button\\"><input type=\\"radio\\" class=\\"mb-radio-target\\" value=\\"Beijing\\"><span class=\\"mb-radio-button-content\\">Beijing</span></label><label class=\\"mb-radio-button\\"><input type=\\"radio\\" class=\\"mb-radio-target\\" value=\\"Shanghai\\"><span class=\\"mb-radio-button-content\\">Shanghai</span></label><label class=\\"mb-radio-button\\"><input type=\\"radio\\" class=\\"mb-radio-target\\" value=\\"Guangzhou\\"><span class=\\"mb-radio-button-content\\">Guangzhou</span></label><label class=\\"mb-radio-button\\"><input type=\\"radio\\" class=\\"mb-radio-target\\" value=\\"Shenzhen\\"><span class=\\"mb-radio-button-content\\">Shenzhen</span></label></span></div>
</div>"
`;
