// Jest Snapshot v1, https://goo.gl/fbAQLP

exports[`<tee> demo: render [basic] correctly 1`] = `
"<div class=\\"mb-space mb-space-horizontal mb-space-align-center\\">
  <div class=\\"mb-space-item\\">
    <div class=\\"mb-tee\\">测试组件</div>
  </div>
</div>"
`;
