// Jest Snapshot v1, https://goo.gl/fbAQLP

exports[`<select> demo: render [basic] correctly 1`] = `
"<div class=\\"mb-space mb-space-vertical\\">
  <div class=\\"mb-space-item\\" style=\\"margin-bottom: 24px;\\"><span class=\\"mb-select-view-single mb-select mb-select-view mb-select-view-size-medium\\" style=\\"width: 320px;\\"><!----><input class=\\"mb-select-view-input\\" readonly=\\"\\" placeholder=\\"Please select ...\\"><span class=\\"mb-select-view-value mb-select-view-value-hidden\\"><!----></span><span class=\\"mb-select-view-suffix\\"><!----><span class=\\"mb-select-view-icon\\"><svg viewBox=\\"0 0 48 48\\" fill=\\"none\\" xmlns=\\"http://www.w3.org/2000/svg\\" stroke=\\"currentColor\\" class=\\"mb-icon mb-icon-down mb-select-view-arrow-icon\\" stroke-width=\\"4\\" stroke-linecap=\\"butt\\" stroke-linejoin=\\"miter\\"><path d=\\"M39.6 17.443 24.043 33 8.487 17.443\\"></path></svg></span>
    <!----></span></span>
    <!---->
  </div>
  <div class=\\"mb-space-item\\" style=\\"margin-bottom: 24px;\\"><span class=\\"mb-select-view-single mb-select mb-select-view mb-select-view-size-medium mb-select-view-disabled\\" style=\\"width: 320px;\\"><!----><input class=\\"mb-select-view-input\\" readonly=\\"\\" placeholder=\\"Please select ...\\" disabled=\\"\\"><span class=\\"mb-select-view-value mb-select-view-value-hidden\\"><!----></span><span class=\\"mb-select-view-suffix\\"><!----><span class=\\"mb-select-view-icon\\"><svg viewBox=\\"0 0 48 48\\" fill=\\"none\\" xmlns=\\"http://www.w3.org/2000/svg\\" stroke=\\"currentColor\\" class=\\"mb-icon mb-icon-down mb-select-view-arrow-icon\\" stroke-width=\\"4\\" stroke-linecap=\\"butt\\" stroke-linejoin=\\"miter\\"><path d=\\"M39.6 17.443 24.043 33 8.487 17.443\\"></path></svg></span>
    <!----></span></span>
    <!---->
  </div>
  <div class=\\"mb-space-item\\" style=\\"margin-bottom: 24px;\\"><span class=\\"mb-select-view-single mb-select mb-select-view mb-select-view-size-medium\\" style=\\"width: 320px;\\"><!----><input class=\\"mb-select-view-input\\" readonly=\\"\\" placeholder=\\"Please select ...\\"><span class=\\"mb-select-view-value mb-select-view-value-hidden\\"><!----></span><span class=\\"mb-select-view-suffix\\"><!----><span class=\\"mb-select-view-icon\\"><svg viewBox=\\"0 0 48 48\\" fill=\\"none\\" xmlns=\\"http://www.w3.org/2000/svg\\" stroke=\\"currentColor\\" class=\\"mb-icon mb-icon-down mb-select-view-arrow-icon\\" stroke-width=\\"4\\" stroke-linecap=\\"butt\\" stroke-linejoin=\\"miter\\"><path d=\\"M39.6 17.443 24.043 33 8.487 17.443\\"></path></svg></span>
    <!----></span></span>
    <!---->
  </div>
  <div class=\\"mb-space-item\\" style=\\"margin-bottom: 24px;\\">
    <div>Select Value: </div>
  </div>
  <div class=\\"mb-space-item\\"><span class=\\"mb-select-view-single mb-select mb-select-view mb-select-view-size-medium\\" style=\\"width: 160px;\\"><!----><input class=\\"mb-select-view-input\\" readonly=\\"\\" placeholder=\\"Select\\"><span class=\\"mb-select-view-value mb-select-view-value-hidden\\"><!----></span><span class=\\"mb-select-view-suffix\\"><!----><span class=\\"mb-select-view-icon\\"><svg viewBox=\\"0 0 48 48\\" fill=\\"none\\" xmlns=\\"http://www.w3.org/2000/svg\\" stroke=\\"currentColor\\" class=\\"mb-icon mb-icon-down mb-select-view-arrow-icon\\" stroke-width=\\"4\\" stroke-linecap=\\"butt\\" stroke-linejoin=\\"miter\\"><path d=\\"M39.6 17.443 24.043 33 8.487 17.443\\"></path></svg></span>
    <!----></span></span>
    <!---->
  </div>
</div>"
`;

exports[`<select> demo: render [border] correctly 1`] = `
"<div class=\\"mb-space mb-space-vertical\\">
  <div class=\\"mb-space-item\\" style=\\"margin-bottom: 24px;\\"><span class=\\"mb-select-view-single mb-select-view-borderless mb-select mb-select-view mb-select-view-size-medium\\" style=\\"width: 100%;\\"><!----><input class=\\"mb-select-view-input\\" readonly=\\"\\" placeholder=\\"Please select ...\\"><span class=\\"mb-select-view-value mb-select-view-value-hidden\\"><!----></span><span class=\\"mb-select-view-suffix\\"><!----><span class=\\"mb-select-view-icon\\"><svg viewBox=\\"0 0 48 48\\" fill=\\"none\\" xmlns=\\"http://www.w3.org/2000/svg\\" stroke=\\"currentColor\\" class=\\"mb-icon mb-icon-down mb-select-view-arrow-icon\\" stroke-width=\\"4\\" stroke-linecap=\\"butt\\" stroke-linejoin=\\"miter\\"><path d=\\"M39.6 17.443 24.043 33 8.487 17.443\\"></path></svg></span>
    <!----></span></span>
    <!---->
  </div>
  <div class=\\"mb-space-item\\"><span class=\\"mb-select-view mb-select-view-size-medium mb-select-view-has-suffix mb-select-view-has-placeholder mb-select-view-multiple mb-select-view-borderless mb-select\\" style=\\"width: 360px;\\"><span class=\\"mb-select-view-mirror\\">Please select ...</span>
    <!---->
    <transition-group-stub><input class=\\"mb-select-view-input\\" style=\\"width: 12px;\\" placeholder=\\"Please select ...\\"></transition-group-stub>
    <!----><span class=\\"mb-select-view-suffix\\"><!----><span class=\\"mb-select-view-icon\\"><svg viewBox=\\"0 0 48 48\\" fill=\\"none\\" xmlns=\\"http://www.w3.org/2000/svg\\" stroke=\\"currentColor\\" class=\\"mb-icon mb-icon-expand\\" style=\\"transform: rotate(-45deg);\\" stroke-width=\\"4\\" stroke-linecap=\\"butt\\" stroke-linejoin=\\"miter\\"><path d=\\"M7 26v14c0 .552.444 1 .996 1H22m19-19V8c0-.552-.444-1-.996-1H26\\"></path></svg></span>
    <!---->
    <!----></span></span>
    <!---->
  </div>
</div>"
`;

exports[`<select> demo: render [clear] correctly 1`] = `
"<span class=\\"mb-select-view-single mb-select mb-select-view mb-select-view-size-medium\\" style=\\"width: 320px;\\"><!----><input class=\\"mb-select-view-input\\" readonly=\\"\\" placeholder=\\"Please select ...\\"><span class=\\"mb-select-view-value mb-select-view-value-hidden\\"><!----></span><span class=\\"mb-select-view-suffix\\"><!----><span class=\\"mb-select-view-icon\\"><svg viewBox=\\"0 0 48 48\\" fill=\\"none\\" xmlns=\\"http://www.w3.org/2000/svg\\" stroke=\\"currentColor\\" class=\\"mb-icon mb-icon-down mb-select-view-arrow-icon\\" stroke-width=\\"4\\" stroke-linecap=\\"butt\\" stroke-linejoin=\\"miter\\"><path d=\\"M39.6 17.443 24.043 33 8.487 17.443\\"></path></svg></span>
<!----></span></span>
<!---->"
`;

exports[`<select> demo: render [create] correctly 1`] = `
"<div class=\\"mb-space mb-space-vertical\\">
  <div class=\\"mb-space-item\\" style=\\"margin-bottom: 24px;\\"><span class=\\"mb-select-view-single mb-select mb-select-view mb-select-view-size-medium mb-select-view-search\\" style=\\"width: 320px;\\"><!----><input class=\\"mb-select-view-input\\" placeholder=\\"Please select ...\\"><span class=\\"mb-select-view-value mb-select-view-value-hidden\\"><!----></span><span class=\\"mb-select-view-suffix\\"><!----><span class=\\"mb-select-view-icon\\"><svg viewBox=\\"0 0 48 48\\" fill=\\"none\\" xmlns=\\"http://www.w3.org/2000/svg\\" stroke=\\"currentColor\\" class=\\"mb-icon mb-icon-expand\\" style=\\"transform: rotate(-45deg);\\" stroke-width=\\"4\\" stroke-linecap=\\"butt\\" stroke-linejoin=\\"miter\\"><path d=\\"M7 26v14c0 .552.444 1 .996 1H22m19-19V8c0-.552-.444-1-.996-1H26\\"></path></svg></span>
    <!----></span></span>
    <!---->
  </div>
  <div class=\\"mb-space-item\\"><span class=\\"mb-select-view mb-select-view-size-medium mb-select-view-has-suffix mb-select-view-has-placeholder mb-select-view-multiple mb-select\\" style=\\"width: 320px;\\"><span class=\\"mb-select-view-mirror\\">Please select ...</span>
    <!---->
    <transition-group-stub><input class=\\"mb-select-view-input\\" style=\\"width: 12px;\\" placeholder=\\"Please select ...\\"></transition-group-stub>
    <!----><span class=\\"mb-select-view-suffix\\"><!----><span class=\\"mb-select-view-icon\\"><svg viewBox=\\"0 0 48 48\\" fill=\\"none\\" xmlns=\\"http://www.w3.org/2000/svg\\" stroke=\\"currentColor\\" class=\\"mb-icon mb-icon-expand\\" style=\\"transform: rotate(-45deg);\\" stroke-width=\\"4\\" stroke-linecap=\\"butt\\" stroke-linejoin=\\"miter\\"><path d=\\"M7 26v14c0 .552.444 1 .996 1H22m19-19V8c0-.552-.444-1-.996-1H26\\"></path></svg></span>
    <!---->
    <!----></span></span>
    <!---->
  </div>
</div>"
`;

exports[`<select> demo: render [fallback] correctly 1`] = `
"<div class=\\"mb-space mb-space-vertical\\">
  <div class=\\"mb-space-item\\" style=\\"margin-bottom: 24px;\\"><span class=\\"mb-select-view-single mb-select mb-select-view mb-select-view-size-medium\\" style=\\"width: 320px;\\"><!----><input class=\\"mb-select-view-input\\" readonly=\\"\\" placeholder=\\"Please select ...\\"><span class=\\"mb-select-view-value mb-select-view-value-hidden\\"><!----></span><span class=\\"mb-select-view-suffix\\"><!----><span class=\\"mb-select-view-icon\\"><svg viewBox=\\"0 0 48 48\\" fill=\\"none\\" xmlns=\\"http://www.w3.org/2000/svg\\" stroke=\\"currentColor\\" class=\\"mb-icon mb-icon-down mb-select-view-arrow-icon\\" stroke-width=\\"4\\" stroke-linecap=\\"butt\\" stroke-linejoin=\\"miter\\"><path d=\\"M39.6 17.443 24.043 33 8.487 17.443\\"></path></svg></span>
    <!----></span></span>
    <!---->
  </div>
  <div class=\\"mb-space-item\\" style=\\"margin-bottom: 24px;\\"><span class=\\"mb-select-view-single mb-select mb-select-view mb-select-view-size-medium\\" style=\\"width: 320px;\\"><!----><input class=\\"mb-select-view-input\\" readonly=\\"\\" placeholder=\\"Please select ...\\"><span class=\\"mb-select-view-value mb-select-view-value-hidden\\"><!----></span><span class=\\"mb-select-view-suffix\\"><!----><span class=\\"mb-select-view-icon\\"><svg viewBox=\\"0 0 48 48\\" fill=\\"none\\" xmlns=\\"http://www.w3.org/2000/svg\\" stroke=\\"currentColor\\" class=\\"mb-icon mb-icon-down mb-select-view-arrow-icon\\" stroke-width=\\"4\\" stroke-linecap=\\"butt\\" stroke-linejoin=\\"miter\\"><path d=\\"M39.6 17.443 24.043 33 8.487 17.443\\"></path></svg></span>
    <!----></span></span>
    <!---->
  </div>
  <div class=\\"mb-space-item\\"><span class=\\"mb-select-view mb-select-view-size-medium mb-select-view-has-suffix mb-select-view-has-placeholder mb-select-view-multiple mb-select\\" style=\\"width: 320px;\\"><span class=\\"mb-select-view-mirror\\">Please select ...</span>
    <!---->
    <transition-group-stub><input class=\\"mb-select-view-input\\" style=\\"width: 12px;\\" placeholder=\\"Please select ...\\"></transition-group-stub>
    <!----><span class=\\"mb-select-view-suffix\\"><!----><span class=\\"mb-select-view-icon\\"><svg viewBox=\\"0 0 48 48\\" fill=\\"none\\" xmlns=\\"http://www.w3.org/2000/svg\\" stroke=\\"currentColor\\" class=\\"mb-icon mb-icon-expand\\" style=\\"transform: rotate(-45deg);\\" stroke-width=\\"4\\" stroke-linecap=\\"butt\\" stroke-linejoin=\\"miter\\"><path d=\\"M7 26v14c0 .552.444 1 .996 1H22m19-19V8c0-.552-.444-1-.996-1H26\\"></path></svg></span>
    <!---->
    <!----></span></span>
    <!---->
  </div>
</div>"
`;

exports[`<select> demo: render [field-names] correctly 1`] = `
"<span class=\\"mb-select-view-single mb-select mb-select-view mb-select-view-size-medium\\" style=\\"width: 320px;\\"><!----><input class=\\"mb-select-view-input mb-select-view-input-hidden\\" readonly=\\"\\" placeholder=\\"Please select ...\\"><span class=\\"mb-select-view-value\\">Beijing</span><span class=\\"mb-select-view-suffix\\"><!----><span class=\\"mb-select-view-icon\\"><svg viewBox=\\"0 0 48 48\\" fill=\\"none\\" xmlns=\\"http://www.w3.org/2000/svg\\" stroke=\\"currentColor\\" class=\\"mb-icon mb-icon-down mb-select-view-arrow-icon\\" stroke-width=\\"4\\" stroke-linecap=\\"butt\\" stroke-linejoin=\\"miter\\"><path d=\\"M39.6 17.443 24.043 33 8.487 17.443\\"></path></svg></span>
<!----></span></span>
<!---->"
`;

exports[`<select> demo: render [footer] correctly 1`] = `
"<span class=\\"mb-select-view-single mb-select mb-select-view mb-select-view-size-medium\\" style=\\"width: 360px;\\"><!----><input class=\\"mb-select-view-input\\" readonly=\\"\\" placeholder=\\"Please select ...\\"><span class=\\"mb-select-view-value mb-select-view-value-hidden\\"><!----></span><span class=\\"mb-select-view-suffix\\"><!----><span class=\\"mb-select-view-icon\\"><svg viewBox=\\"0 0 48 48\\" fill=\\"none\\" xmlns=\\"http://www.w3.org/2000/svg\\" stroke=\\"currentColor\\" class=\\"mb-icon mb-icon-down mb-select-view-arrow-icon\\" stroke-width=\\"4\\" stroke-linecap=\\"butt\\" stroke-linejoin=\\"miter\\"><path d=\\"M39.6 17.443 24.043 33 8.487 17.443\\"></path></svg></span>
<!----></span></span>
<!---->"
`;

exports[`<select> demo: render [group] correctly 1`] = `
"<div class=\\"mb-space mb-space-vertical\\">
  <div class=\\"mb-space-item\\" style=\\"margin-bottom: 24px;\\"><span class=\\"mb-select-view-single mb-select mb-select-view mb-select-view-size-medium\\" style=\\"width: 320px;\\"><!----><input class=\\"mb-select-view-input\\" readonly=\\"\\" placeholder=\\"Please select ...\\"><span class=\\"mb-select-view-value mb-select-view-value-hidden\\"><!----></span><span class=\\"mb-select-view-suffix\\"><!----><span class=\\"mb-select-view-icon\\"><svg viewBox=\\"0 0 48 48\\" fill=\\"none\\" xmlns=\\"http://www.w3.org/2000/svg\\" stroke=\\"currentColor\\" class=\\"mb-icon mb-icon-down mb-select-view-arrow-icon\\" stroke-width=\\"4\\" stroke-linecap=\\"butt\\" stroke-linejoin=\\"miter\\"><path d=\\"M39.6 17.443 24.043 33 8.487 17.443\\"></path></svg></span>
    <!----></span></span>
    <!---->
  </div>
  <div class=\\"mb-space-item\\"><span class=\\"mb-select-view mb-select-view-size-medium mb-select-view-has-suffix mb-select-view-has-placeholder mb-select-view-multiple mb-select\\" style=\\"width: 320px;\\"><span class=\\"mb-select-view-mirror\\">Please select ...</span>
    <!---->
    <transition-group-stub><input class=\\"mb-select-view-input\\" style=\\"width: 12px;\\" placeholder=\\"Please select ...\\"></transition-group-stub>
    <!----><span class=\\"mb-select-view-suffix\\"><!----><span class=\\"mb-select-view-icon\\"><svg viewBox=\\"0 0 48 48\\" fill=\\"none\\" xmlns=\\"http://www.w3.org/2000/svg\\" stroke=\\"currentColor\\" class=\\"mb-icon mb-icon-expand\\" style=\\"transform: rotate(-45deg);\\" stroke-width=\\"4\\" stroke-linecap=\\"butt\\" stroke-linejoin=\\"miter\\"><path d=\\"M7 26v14c0 .552.444 1 .996 1H22m19-19V8c0-.552-.444-1-.996-1H26\\"></path></svg></span>
    <!---->
    <!----></span></span>
    <!---->
  </div>
</div>"
`;

exports[`<select> demo: render [label] correctly 1`] = `
"<span class=\\"mb-select-view-single mb-select mb-select-view mb-select-view-size-medium\\" style=\\"width: 320px;\\"><!----><input class=\\"mb-select-view-input\\" readonly=\\"\\" placeholder=\\"Please select ...\\"><span class=\\"mb-select-view-value mb-select-view-value-hidden\\"><!----></span><span class=\\"mb-select-view-suffix\\"><!----><span class=\\"mb-select-view-icon\\"><svg viewBox=\\"0 0 48 48\\" fill=\\"none\\" xmlns=\\"http://www.w3.org/2000/svg\\" stroke=\\"currentColor\\" class=\\"mb-icon mb-icon-down mb-select-view-arrow-icon\\" stroke-width=\\"4\\" stroke-linecap=\\"butt\\" stroke-linejoin=\\"miter\\"><path d=\\"M39.6 17.443 24.043 33 8.487 17.443\\"></path></svg></span>
<!----></span></span>
<!---->"
`;

exports[`<select> demo: render [linkage] correctly 1`] = `
"<div class=\\"mb-space mb-space-horizontal mb-space-align-center\\">
  <div class=\\"mb-space-item\\" style=\\"margin-right: 8px;\\"><span class=\\"mb-select-view-single mb-select mb-select-view mb-select-view-size-medium\\" style=\\"width: 200px;\\"><!----><input class=\\"mb-select-view-input\\" readonly=\\"\\"><span class=\\"mb-select-view-value mb-select-view-value-hidden\\"><!----></span><span class=\\"mb-select-view-suffix\\"><!----><span class=\\"mb-select-view-icon\\"><svg viewBox=\\"0 0 48 48\\" fill=\\"none\\" xmlns=\\"http://www.w3.org/2000/svg\\" stroke=\\"currentColor\\" class=\\"mb-icon mb-icon-down mb-select-view-arrow-icon\\" stroke-width=\\"4\\" stroke-linecap=\\"butt\\" stroke-linejoin=\\"miter\\"><path d=\\"M39.6 17.443 24.043 33 8.487 17.443\\"></path></svg></span>
    <!----></span></span>
    <!---->
  </div>
  <div class=\\"mb-space-item\\"><span class=\\"mb-select-view-single mb-select mb-select-view mb-select-view-size-medium\\" style=\\"width: 200px;\\"><!----><input class=\\"mb-select-view-input mb-select-view-input-hidden\\" readonly=\\"\\"><span class=\\"mb-select-view-value\\">Chengdu</span><span class=\\"mb-select-view-suffix\\"><!----><span class=\\"mb-select-view-icon\\"><svg viewBox=\\"0 0 48 48\\" fill=\\"none\\" xmlns=\\"http://www.w3.org/2000/svg\\" stroke=\\"currentColor\\" class=\\"mb-icon mb-icon-down mb-select-view-arrow-icon\\" stroke-width=\\"4\\" stroke-linecap=\\"butt\\" stroke-linejoin=\\"miter\\"><path d=\\"M39.6 17.443 24.043 33 8.487 17.443\\"></path></svg></span>
    <!----></span></span>
    <!---->
  </div>
</div>"
`;

exports[`<select> demo: render [loading] correctly 1`] = `
"<span class=\\"mb-select-view-single mb-select mb-select-view mb-select-view-size-medium\\" style=\\"width: 320px;\\"><!----><input class=\\"mb-select-view-input\\" readonly=\\"\\" placeholder=\\"Please select ...\\"><span class=\\"mb-select-view-value mb-select-view-value-hidden\\"><!----></span><span class=\\"mb-select-view-suffix\\"><!----><span class=\\"mb-select-view-icon\\"><svg viewBox=\\"0 0 48 48\\" fill=\\"none\\" xmlns=\\"http://www.w3.org/2000/svg\\" stroke=\\"currentColor\\" class=\\"mb-icon mb-icon-loading\\" stroke-width=\\"4\\" stroke-linecap=\\"butt\\" stroke-linejoin=\\"miter\\"><path d=\\"M42 24c0 9.941-8.059 18-18 18S6 33.941 6 24 14.059 6 24 6\\"></path></svg></span>
<!----></span></span>
<!---->"
`;

exports[`<select> demo: render [multiple] correctly 1`] = `
"<div class=\\"mb-space mb-space-vertical\\">
  <div class=\\"mb-space-item\\" style=\\"margin-bottom: 24px;\\"><span class=\\"mb-select-view mb-select-view-size-medium mb-select-view-has-suffix mb-select-view-has-placeholder mb-select-view-multiple mb-select\\" style=\\"width: 360px;\\"><span class=\\"mb-select-view-mirror\\">Please select ...</span>
    <!---->
    <transition-group-stub><input class=\\"mb-select-view-input\\" style=\\"width: 12px;\\" placeholder=\\"Please select ...\\"></transition-group-stub>
    <!----><span class=\\"mb-select-view-suffix\\"><!----><span class=\\"mb-select-view-icon\\"><svg viewBox=\\"0 0 48 48\\" fill=\\"none\\" xmlns=\\"http://www.w3.org/2000/svg\\" stroke=\\"currentColor\\" class=\\"mb-icon mb-icon-expand\\" style=\\"transform: rotate(-45deg);\\" stroke-width=\\"4\\" stroke-linecap=\\"butt\\" stroke-linejoin=\\"miter\\"><path d=\\"M7 26v14c0 .552.444 1 .996 1H22m19-19V8c0-.552-.444-1-.996-1H26\\"></path></svg></span>
    <!---->
    <!----></span></span>
    <!---->
  </div>
  <div class=\\"mb-space-item\\" style=\\"margin-bottom: 24px;\\"><span class=\\"mb-select-view mb-select-view-size-medium mb-select-view-has-suffix mb-select-view-has-placeholder mb-select-view-multiple mb-select\\" style=\\"width: 360px;\\"><span class=\\"mb-select-view-mirror\\">Please select ...</span>
    <!---->
    <transition-group-stub><input class=\\"mb-select-view-input\\" style=\\"width: 12px;\\" placeholder=\\"Please select ...\\"></transition-group-stub>
    <!----><span class=\\"mb-select-view-suffix\\"><!----><span class=\\"mb-select-view-icon\\"><svg viewBox=\\"0 0 48 48\\" fill=\\"none\\" xmlns=\\"http://www.w3.org/2000/svg\\" stroke=\\"currentColor\\" class=\\"mb-icon mb-icon-expand\\" style=\\"transform: rotate(-45deg);\\" stroke-width=\\"4\\" stroke-linecap=\\"butt\\" stroke-linejoin=\\"miter\\"><path d=\\"M7 26v14c0 .552.444 1 .996 1H22m19-19V8c0-.552-.444-1-.996-1H26\\"></path></svg></span>
    <!---->
    <!----></span></span>
    <!---->
  </div>
  <div class=\\"mb-space-item\\"><span class=\\"mb-select-view mb-select-view-size-medium mb-select-view-has-suffix mb-select-view-has-placeholder mb-select-view-multiple mb-select\\" style=\\"width: 360px;\\"><span class=\\"mb-select-view-mirror\\">Please select ...</span>
    <!---->
    <transition-group-stub><input class=\\"mb-select-view-input\\" style=\\"width: 12px;\\" placeholder=\\"Please select ...\\"></transition-group-stub>
    <!----><span class=\\"mb-select-view-suffix\\"><!----><span class=\\"mb-select-view-icon\\"><svg viewBox=\\"0 0 48 48\\" fill=\\"none\\" xmlns=\\"http://www.w3.org/2000/svg\\" stroke=\\"currentColor\\" class=\\"mb-icon mb-icon-expand\\" style=\\"transform: rotate(-45deg);\\" stroke-width=\\"4\\" stroke-linecap=\\"butt\\" stroke-linejoin=\\"miter\\"><path d=\\"M7 26v14c0 .552.444 1 .996 1H22m19-19V8c0-.552-.444-1-.996-1H26\\"></path></svg></span>
    <!---->
    <!----></span></span>
    <!---->
  </div>
</div>"
`;

exports[`<select> demo: render [remote] correctly 1`] = `
"<div class=\\"mb-space mb-space-vertical\\">
  <div class=\\"mb-space-item\\" style=\\"margin-bottom: 24px;\\">
    <div>Show selections after search options</div>
  </div>
  <div class=\\"mb-space-item\\" style=\\"margin-bottom: 24px;\\"><span class=\\"mb-select-view mb-select-view-size-medium mb-select-view-has-suffix mb-select-view-has-placeholder mb-select-view-multiple mb-select\\" style=\\"width: 320px;\\"><span class=\\"mb-select-view-mirror\\">Please select ...</span>
    <!---->
    <transition-group-stub><input class=\\"mb-select-view-input\\" style=\\"width: 12px;\\" placeholder=\\"Please select ...\\"></transition-group-stub>
    <!----><span class=\\"mb-select-view-suffix\\"><!----><span class=\\"mb-select-view-icon\\"><svg viewBox=\\"0 0 48 48\\" fill=\\"none\\" xmlns=\\"http://www.w3.org/2000/svg\\" stroke=\\"currentColor\\" class=\\"mb-icon mb-icon-expand\\" style=\\"transform: rotate(-45deg);\\" stroke-width=\\"4\\" stroke-linecap=\\"butt\\" stroke-linejoin=\\"miter\\"><path d=\\"M7 26v14c0 .552.444 1 .996 1H22m19-19V8c0-.552-.444-1-.996-1H26\\"></path></svg></span>
    <!---->
    <!----></span></span>
    <!---->
  </div>
  <div class=\\"mb-space-item\\" style=\\"margin-bottom: 24px;\\">
    <div>Hide selections after search options</div>
  </div>
  <div class=\\"mb-space-item\\"><span class=\\"mb-select-view mb-select-view-size-medium mb-select-view-has-suffix mb-select-view-has-placeholder mb-select-view-multiple mb-select\\" style=\\"width: 320px;\\"><span class=\\"mb-select-view-mirror\\">Please select ...</span>
    <!---->
    <transition-group-stub><input class=\\"mb-select-view-input\\" style=\\"width: 12px;\\" placeholder=\\"Please select ...\\"></transition-group-stub>
    <!----><span class=\\"mb-select-view-suffix\\"><!----><span class=\\"mb-select-view-icon\\"><svg viewBox=\\"0 0 48 48\\" fill=\\"none\\" xmlns=\\"http://www.w3.org/2000/svg\\" stroke=\\"currentColor\\" class=\\"mb-icon mb-icon-expand\\" style=\\"transform: rotate(-45deg);\\" stroke-width=\\"4\\" stroke-linecap=\\"butt\\" stroke-linejoin=\\"miter\\"><path d=\\"M7 26v14c0 .552.444 1 .996 1H22m19-19V8c0-.552-.444-1-.996-1H26\\"></path></svg></span>
    <!---->
    <!----></span></span>
    <!---->
  </div>
</div>"
`;

exports[`<select> demo: render [scroll] correctly 1`] = `
"<span class=\\"mb-select-view-single mb-select mb-select-view mb-select-view-size-medium\\" style=\\"width: 320px;\\"><!----><input class=\\"mb-select-view-input\\" readonly=\\"\\" placeholder=\\"Please select ...\\"><span class=\\"mb-select-view-value mb-select-view-value-hidden\\"><!----></span><span class=\\"mb-select-view-suffix\\"><!----><span class=\\"mb-select-view-icon\\"><svg viewBox=\\"0 0 48 48\\" fill=\\"none\\" xmlns=\\"http://www.w3.org/2000/svg\\" stroke=\\"currentColor\\" class=\\"mb-icon mb-icon-down mb-select-view-arrow-icon\\" stroke-width=\\"4\\" stroke-linecap=\\"butt\\" stroke-linejoin=\\"miter\\"><path d=\\"M39.6 17.443 24.043 33 8.487 17.443\\"></path></svg></span>
<!----></span></span>
<!---->"
`;

exports[`<select> demo: render [search] correctly 1`] = `
"<div class=\\"mb-space mb-space-vertical\\">
  <div class=\\"mb-space-item\\" style=\\"margin-bottom: 24px;\\"><span class=\\"mb-select-view-single mb-select mb-select-view mb-select-view-size-medium mb-select-view-search\\" style=\\"width: 320px;\\"><!----><input class=\\"mb-select-view-input\\" placeholder=\\"Please select ...\\"><span class=\\"mb-select-view-value mb-select-view-value-hidden\\"><!----></span><span class=\\"mb-select-view-suffix\\"><!----><span class=\\"mb-select-view-icon\\"><svg viewBox=\\"0 0 48 48\\" fill=\\"none\\" xmlns=\\"http://www.w3.org/2000/svg\\" stroke=\\"currentColor\\" class=\\"mb-icon mb-icon-expand\\" style=\\"transform: rotate(-45deg);\\" stroke-width=\\"4\\" stroke-linecap=\\"butt\\" stroke-linejoin=\\"miter\\"><path d=\\"M7 26v14c0 .552.444 1 .996 1H22m19-19V8c0-.552-.444-1-.996-1H26\\"></path></svg></span>
    <!----></span></span>
    <!---->
  </div>
  <div class=\\"mb-space-item\\" style=\\"margin-bottom: 24px;\\"><span class=\\"mb-select-view-single mb-select mb-select-view mb-select-view-size-medium mb-select-view-search\\" style=\\"width: 320px;\\"><!----><input class=\\"mb-select-view-input\\" placeholder=\\"Please select ...\\"><span class=\\"mb-select-view-value mb-select-view-value-hidden\\"><!----></span><span class=\\"mb-select-view-suffix\\"><!----><span class=\\"mb-select-view-icon\\"><svg viewBox=\\"0 0 48 48\\" fill=\\"none\\" xmlns=\\"http://www.w3.org/2000/svg\\" stroke=\\"currentColor\\" class=\\"mb-icon mb-icon-expand\\" style=\\"transform: rotate(-45deg);\\" stroke-width=\\"4\\" stroke-linecap=\\"butt\\" stroke-linejoin=\\"miter\\"><path d=\\"M7 26v14c0 .552.444 1 .996 1H22m19-19V8c0-.552-.444-1-.996-1H26\\"></path></svg></span>
    <!----></span></span>
    <!---->
  </div>
  <div class=\\"mb-space-item\\"><span class=\\"mb-select-view mb-select-view-size-medium mb-select-view-has-suffix mb-select-view-has-placeholder mb-select-view-multiple mb-select\\" style=\\"width: 320px;\\"><span class=\\"mb-select-view-mirror\\">Please select ...</span>
    <!---->
    <transition-group-stub><input class=\\"mb-select-view-input\\" style=\\"width: 12px;\\" placeholder=\\"Please select ...\\"></transition-group-stub>
    <!----><span class=\\"mb-select-view-suffix\\"><!----><span class=\\"mb-select-view-icon\\"><svg viewBox=\\"0 0 48 48\\" fill=\\"none\\" xmlns=\\"http://www.w3.org/2000/svg\\" stroke=\\"currentColor\\" class=\\"mb-icon mb-icon-expand\\" style=\\"transform: rotate(-45deg);\\" stroke-width=\\"4\\" stroke-linecap=\\"butt\\" stroke-linejoin=\\"miter\\"><path d=\\"M7 26v14c0 .552.444 1 .996 1H22m19-19V8c0-.552-.444-1-.996-1H26\\"></path></svg></span>
    <!---->
    <!----></span></span>
    <!---->
  </div>
</div>"
`;

exports[`<select> demo: render [size] correctly 1`] = `
"<div class=\\"mb-space mb-space-vertical\\">
  <div class=\\"mb-space-item\\" style=\\"margin-bottom: 24px;\\"><span class=\\"mb-radio-group-button mb-radio-group-size-undefined mb-radio-group-direction-horizontal\\"><label class=\\"mb-radio-button\\"><input type=\\"radio\\" class=\\"mb-radio-target\\" value=\\"mini\\"><span class=\\"mb-radio-button-content\\">Mini</span></label><label class=\\"mb-radio-button\\"><input type=\\"radio\\" class=\\"mb-radio-target\\" value=\\"small\\"><span class=\\"mb-radio-button-content\\">Small</span></label><label class=\\"mb-radio-button mb-radio-checked\\"><input type=\\"radio\\" class=\\"mb-radio-target\\" value=\\"medium\\"><span class=\\"mb-radio-button-content\\">Medium</span></label><label class=\\"mb-radio-button\\"><input type=\\"radio\\" class=\\"mb-radio-target\\" value=\\"large\\"><span class=\\"mb-radio-button-content\\">Large</span></label></span></div>
  <div class=\\"mb-space-item\\" style=\\"margin-bottom: 24px;\\"><span class=\\"mb-select-view-single mb-select mb-select-view mb-select-view-size-medium\\" style=\\"width: 320px;\\"><!----><input class=\\"mb-select-view-input\\" readonly=\\"\\" placeholder=\\"Please select ...\\"><span class=\\"mb-select-view-value mb-select-view-value-hidden\\"><!----></span><span class=\\"mb-select-view-suffix\\"><!----><span class=\\"mb-select-view-icon\\"><svg viewBox=\\"0 0 48 48\\" fill=\\"none\\" xmlns=\\"http://www.w3.org/2000/svg\\" stroke=\\"currentColor\\" class=\\"mb-icon mb-icon-down mb-select-view-arrow-icon\\" stroke-width=\\"4\\" stroke-linecap=\\"butt\\" stroke-linejoin=\\"miter\\"><path d=\\"M39.6 17.443 24.043 33 8.487 17.443\\"></path></svg></span>
    <!----></span></span>
    <!---->
  </div>
  <div class=\\"mb-space-item\\"><span class=\\"mb-select-view mb-select-view-size-medium mb-select-view-has-suffix mb-select-view-has-placeholder mb-select-view-multiple mb-select\\" style=\\"width: 320px;\\"><span class=\\"mb-select-view-mirror\\">Please select ...</span>
    <!---->
    <transition-group-stub><input class=\\"mb-select-view-input\\" style=\\"width: 12px;\\" placeholder=\\"Please select ...\\"></transition-group-stub>
    <!----><span class=\\"mb-select-view-suffix\\"><!----><span class=\\"mb-select-view-icon\\"><svg viewBox=\\"0 0 48 48\\" fill=\\"none\\" xmlns=\\"http://www.w3.org/2000/svg\\" stroke=\\"currentColor\\" class=\\"mb-icon mb-icon-expand\\" style=\\"transform: rotate(-45deg);\\" stroke-width=\\"4\\" stroke-linecap=\\"butt\\" stroke-linejoin=\\"miter\\"><path d=\\"M7 26v14c0 .552.444 1 .996 1H22m19-19V8c0-.552-.444-1-.996-1H26\\"></path></svg></span>
    <!---->
    <!----></span></span>
    <!---->
  </div>
</div>"
`;

exports[`<select> demo: render [virtual-list] correctly 1`] = `
"<span class=\\"mb-select-view-single mb-select mb-select-view mb-select-view-size-medium\\" style=\\"width: 320px;\\"><!----><input class=\\"mb-select-view-input\\" readonly=\\"\\" placeholder=\\"Please select ...\\"><span class=\\"mb-select-view-value mb-select-view-value-hidden\\"><!----></span><span class=\\"mb-select-view-suffix\\"><!----><span class=\\"mb-select-view-icon\\"><svg viewBox=\\"0 0 48 48\\" fill=\\"none\\" xmlns=\\"http://www.w3.org/2000/svg\\" stroke=\\"currentColor\\" class=\\"mb-icon mb-icon-down mb-select-view-arrow-icon\\" stroke-width=\\"4\\" stroke-linecap=\\"butt\\" stroke-linejoin=\\"miter\\"><path d=\\"M39.6 17.443 24.043 33 8.487 17.443\\"></path></svg></span>
<!----></span></span>
<!---->"
`;
