// Jest Snapshot v1, https://goo.gl/fbAQLP

exports[`Select show dropdown correctly 1`] = `"<body><div class=\\"mb-trigger-popup mb-trigger-position-bl\\" style=\\"z-index: 1001; left: 0px; top: 4px; width: 0px;\\" trigger-placement=\\"bl\\"><transition-stub><div class=\\"mb-trigger-popup-wrapper\\" style=\\"transform-origin: 0 0;\\"><div class=\\"mb-trigger-content\\"><div class=\\"mb-select-dropdown\\"><!--v-if--><!--v-if--><div class=\\"mb-select-dropdown-list-wrapper\\"><ul class=\\"mb-select-dropdown-list\\"><li class=\\"mb-select-option mb-select-option-active\\"><!--v-if--><span class=\\"mb-select-option-content\\">Beijing</span><!--v-if--></li><li class=\\"mb-select-option\\"><!--v-if--><span class=\\"mb-select-option-content\\">Shanghai</span><!--v-if--></li><li class=\\"mb-select-option\\"><!--v-if--><span class=\\"mb-select-option-content\\">Guangzhou</span><!--v-if--></li><li class=\\"mb-select-option\\"><!--v-if--><span class=\\"mb-select-option-content\\">Chengdu</span><!--v-if--></li></ul></div><!--v-if--></div></div><!----></div></transition-stub></div></body>"`;
