// Jest Snapshot v1, https://goo.gl/fbAQLP

exports[`<collapse> demo: render [accordion] correctly 1`] = `
"<div class=\\"mb-collapse\\">
  <div class=\\"mb-collapse-item\\">
    <div role=\\"button\\" aria-disabled=\\"false\\" aria-expanded=\\"false\\" tabindex=\\"0\\" class=\\"mb-collapse-item-header mb-collapse-item-header-left\\"><span class=\\"mb-icon-hover mb-collapse-item-icon-hover\\"><svg viewBox=\\"0 0 48 48\\" fill=\\"none\\" xmlns=\\"http://www.w3.org/2000/svg\\" stroke=\\"currentColor\\" class=\\"mb-icon mb-icon-caret-right mb-collapse-item-expand-icon\\" stroke-width=\\"4\\" stroke-linecap=\\"butt\\" stroke-linejoin=\\"miter\\"><path d=\\"M34.829 23.063c.6.48.6 1.394 0 1.874L17.949 38.44c-.785.629-1.949.07-1.949-.937V10.497c0-1.007 1.164-1.566 1.95-.937l16.879 13.503Z\\" fill=\\"currentColor\\" stroke=\\"none\\"></path></svg></span>
      <div class=\\"mb-collapse-item-header-title\\">Shanghai MaBang Technology Co., Ltd.</div>
      <!--v-if-->
    </div>
    <transition-stub>
      <div role=\\"region\\" class=\\"mb-collapse-item-content\\" style=\\"display: none;\\">
        <div class=\\"mb-collapse-item-content-box\\">
          <div>Shanghai MaBang Technology Co., Ltd.</div>
        </div>
      </div>
    </transition-stub>
  </div>
  <div class=\\"mb-collapse-item\\">
    <div role=\\"button\\" aria-disabled=\\"false\\" aria-expanded=\\"false\\" tabindex=\\"0\\" class=\\"mb-collapse-item-header mb-collapse-item-header-left\\"><span class=\\"mb-icon-hover mb-collapse-item-icon-hover\\"><svg viewBox=\\"0 0 48 48\\" fill=\\"none\\" xmlns=\\"http://www.w3.org/2000/svg\\" stroke=\\"currentColor\\" class=\\"mb-icon mb-icon-caret-right mb-collapse-item-expand-icon\\" stroke-width=\\"4\\" stroke-linecap=\\"butt\\" stroke-linejoin=\\"miter\\"><path d=\\"M34.829 23.063c.6.48.6 1.394 0 1.874L17.949 38.44c-.785.629-1.949.07-1.949-.937V10.497c0-1.007 1.164-1.566 1.95-.937l16.879 13.503Z\\" fill=\\"currentColor\\" stroke=\\"none\\"></path></svg></span>
      <div class=\\"mb-collapse-item-header-title\\">Shanghai MaBang Technology Co., Ltd.</div>
      <!--v-if-->
    </div>
    <transition-stub>
      <div role=\\"region\\" class=\\"mb-collapse-item-content\\" style=\\"display: none;\\">
        <div class=\\"mb-collapse-item-content-box\\">
          <div>Shanghai MaBang Technology Co., Ltd.</div>
        </div>
      </div>
    </transition-stub>
  </div>
  <div class=\\"mb-collapse-item\\">
    <div role=\\"button\\" aria-disabled=\\"false\\" aria-expanded=\\"false\\" tabindex=\\"0\\" class=\\"mb-collapse-item-header mb-collapse-item-header-left\\"><span class=\\"mb-icon-hover mb-collapse-item-icon-hover\\"><svg viewBox=\\"0 0 48 48\\" fill=\\"none\\" xmlns=\\"http://www.w3.org/2000/svg\\" stroke=\\"currentColor\\" class=\\"mb-icon mb-icon-caret-right mb-collapse-item-expand-icon\\" stroke-width=\\"4\\" stroke-linecap=\\"butt\\" stroke-linejoin=\\"miter\\"><path d=\\"M34.829 23.063c.6.48.6 1.394 0 1.874L17.949 38.44c-.785.629-1.949.07-1.949-.937V10.497c0-1.007 1.164-1.566 1.95-.937l16.879 13.503Z\\" fill=\\"currentColor\\" stroke=\\"none\\"></path></svg></span>
      <div class=\\"mb-collapse-item-header-title\\">Shanghai MaBang Technology Co., Ltd.</div>
      <!--v-if-->
    </div>
    <transition-stub>
      <div role=\\"region\\" class=\\"mb-collapse-item-content\\" style=\\"display: none;\\">
        <div class=\\"mb-collapse-item-content-box\\">
          <div>Shanghai MaBang Technology Co., Ltd.</div>
        </div>
      </div>
    </transition-stub>
  </div>
</div>"
`;

exports[`<collapse> demo: render [basic] correctly 1`] = `
"<div class=\\"mb-collapse\\">
  <div class=\\"mb-collapse-item mb-collapse-item-active\\">
    <div role=\\"button\\" aria-disabled=\\"false\\" aria-expanded=\\"true\\" tabindex=\\"0\\" class=\\"mb-collapse-item-header mb-collapse-item-header-left\\"><span class=\\"mb-icon-hover mb-collapse-item-icon-hover\\"><svg viewBox=\\"0 0 48 48\\" fill=\\"none\\" xmlns=\\"http://www.w3.org/2000/svg\\" stroke=\\"currentColor\\" class=\\"mb-icon mb-icon-caret-right mb-collapse-item-expand-icon\\" stroke-width=\\"4\\" stroke-linecap=\\"butt\\" stroke-linejoin=\\"miter\\"><path d=\\"M34.829 23.063c.6.48.6 1.394 0 1.874L17.949 38.44c-.785.629-1.949.07-1.949-.937V10.497c0-1.007 1.164-1.566 1.95-.937l16.879 13.503Z\\" fill=\\"currentColor\\" stroke=\\"none\\"></path></svg></span>
      <div class=\\"mb-collapse-item-header-title\\">Shanghai MaBang Technology Co., Ltd.</div>
      <!--v-if-->
    </div>
    <transition-stub>
      <div role=\\"region\\" class=\\"mb-collapse-item-content mb-collapse-item-content-expend\\">
        <div class=\\"mb-collapse-item-content-box\\">
          <div>Shanghai MaBang Technology Co., Ltd.</div>
          <div>Shanghai MaBang Technology Co., Ltd.</div>
          <div>Shanghai MaBang Technology Co., Ltd.</div>
        </div>
      </div>
    </transition-stub>
  </div>
  <div class=\\"mb-collapse-item mb-collapse-item-active\\">
    <div role=\\"button\\" aria-disabled=\\"true\\" aria-expanded=\\"true\\" tabindex=\\"0\\" class=\\"mb-collapse-item-header mb-collapse-item-header-left mb-collapse-item-header-disabled\\"><span class=\\"mb-icon-hover mb-collapse-item-icon-hover mb-icon-hover-disabled\\"><svg viewBox=\\"0 0 48 48\\" fill=\\"none\\" xmlns=\\"http://www.w3.org/2000/svg\\" stroke=\\"currentColor\\" class=\\"mb-icon mb-icon-caret-right mb-collapse-item-expand-icon\\" stroke-width=\\"4\\" stroke-linecap=\\"butt\\" stroke-linejoin=\\"miter\\"><path d=\\"M34.829 23.063c.6.48.6 1.394 0 1.874L17.949 38.44c-.785.629-1.949.07-1.949-.937V10.497c0-1.007 1.164-1.566 1.95-.937l16.879 13.503Z\\" fill=\\"currentColor\\" stroke=\\"none\\"></path></svg></span>
      <div class=\\"mb-collapse-item-header-title\\">Shanghai MaBang Technology Co., Ltd.</div>
      <!--v-if-->
    </div>
    <transition-stub>
      <div role=\\"region\\" class=\\"mb-collapse-item-content mb-collapse-item-content-expend\\">
        <div class=\\"mb-collapse-item-content-box\\">
          <div>Shanghai MaBang Technology Co., Ltd.</div>
          <div>Shanghai MaBang Technology Co., Ltd.</div>
          <div>Shanghai MaBang Technology Co., Ltd.</div>
        </div>
      </div>
    </transition-stub>
  </div>
  <div class=\\"mb-collapse-item\\">
    <div role=\\"button\\" aria-disabled=\\"false\\" aria-expanded=\\"false\\" tabindex=\\"0\\" class=\\"mb-collapse-item-header mb-collapse-item-header-left\\"><span class=\\"mb-icon-hover mb-collapse-item-icon-hover\\"><svg viewBox=\\"0 0 48 48\\" fill=\\"none\\" xmlns=\\"http://www.w3.org/2000/svg\\" stroke=\\"currentColor\\" class=\\"mb-icon mb-icon-caret-right mb-collapse-item-expand-icon\\" stroke-width=\\"4\\" stroke-linecap=\\"butt\\" stroke-linejoin=\\"miter\\"><path d=\\"M34.829 23.063c.6.48.6 1.394 0 1.874L17.949 38.44c-.785.629-1.949.07-1.949-.937V10.497c0-1.007 1.164-1.566 1.95-.937l16.879 13.503Z\\" fill=\\"currentColor\\" stroke=\\"none\\"></path></svg></span>
      <div class=\\"mb-collapse-item-header-title\\">Shanghai MaBang Technology Co., Ltd.</div>
      <!--v-if-->
    </div>
    <transition-stub>
      <div role=\\"region\\" class=\\"mb-collapse-item-content\\" style=\\"display: none;\\">
        <div class=\\"mb-collapse-item-content-box\\">
          <div>Shanghai MaBang Technology Co., Ltd.</div>
          <div>Shanghai MaBang Technology Co., Ltd.</div>
          <div>Shanghai MaBang Technology Co., Ltd.</div>
        </div>
      </div>
    </transition-stub>
  </div>
</div>"
`;

exports[`<collapse> demo: render [border-less] correctly 1`] = `
"<div class=\\"mb-collapse mb-collapse-borderless\\">
  <div class=\\"mb-collapse-item mb-collapse-item-active\\">
    <div role=\\"button\\" aria-disabled=\\"false\\" aria-expanded=\\"true\\" tabindex=\\"0\\" class=\\"mb-collapse-item-header mb-collapse-item-header-left\\"><span class=\\"mb-icon-hover mb-collapse-item-icon-hover\\"><svg viewBox=\\"0 0 48 48\\" fill=\\"none\\" xmlns=\\"http://www.w3.org/2000/svg\\" stroke=\\"currentColor\\" class=\\"mb-icon mb-icon-caret-right mb-collapse-item-expand-icon\\" stroke-width=\\"4\\" stroke-linecap=\\"butt\\" stroke-linejoin=\\"miter\\"><path d=\\"M34.829 23.063c.6.48.6 1.394 0 1.874L17.949 38.44c-.785.629-1.949.07-1.949-.937V10.497c0-1.007 1.164-1.566 1.95-.937l16.879 13.503Z\\" fill=\\"currentColor\\" stroke=\\"none\\"></path></svg></span>
      <div class=\\"mb-collapse-item-header-title\\">Shanghai MaBang Technology Co., Ltd.</div>
      <!--v-if-->
    </div>
    <transition-stub>
      <div role=\\"region\\" class=\\"mb-collapse-item-content mb-collapse-item-content-expend\\">
        <div class=\\"mb-collapse-item-content-box\\">
          <div>Shanghai MaBang Technology Co., Ltd.</div>
          <div>Shanghai MaBang Technology Co., Ltd.</div>
          <div>Shanghai MaBang Technology Co., Ltd.</div>
        </div>
      </div>
    </transition-stub>
  </div>
  <div class=\\"mb-collapse-item\\">
    <div role=\\"button\\" aria-disabled=\\"true\\" aria-expanded=\\"false\\" tabindex=\\"0\\" class=\\"mb-collapse-item-header mb-collapse-item-header-left mb-collapse-item-header-disabled\\"><span class=\\"mb-icon-hover mb-collapse-item-icon-hover mb-icon-hover-disabled\\"><svg viewBox=\\"0 0 48 48\\" fill=\\"none\\" xmlns=\\"http://www.w3.org/2000/svg\\" stroke=\\"currentColor\\" class=\\"mb-icon mb-icon-caret-right mb-collapse-item-expand-icon\\" stroke-width=\\"4\\" stroke-linecap=\\"butt\\" stroke-linejoin=\\"miter\\"><path d=\\"M34.829 23.063c.6.48.6 1.394 0 1.874L17.949 38.44c-.785.629-1.949.07-1.949-.937V10.497c0-1.007 1.164-1.566 1.95-.937l16.879 13.503Z\\" fill=\\"currentColor\\" stroke=\\"none\\"></path></svg></span>
      <div class=\\"mb-collapse-item-header-title\\">Shanghai MaBang Technology Co., Ltd.</div>
      <!--v-if-->
    </div>
    <transition-stub>
      <div role=\\"region\\" class=\\"mb-collapse-item-content\\" style=\\"display: none;\\">
        <div class=\\"mb-collapse-item-content-box\\">
          <div>Shanghai MaBang Technology Co., Ltd.</div>
          <div>Shanghai MaBang Technology Co., Ltd.</div>
          <div>Shanghai MaBang Technology Co., Ltd.</div>
        </div>
      </div>
    </transition-stub>
  </div>
  <div class=\\"mb-collapse-item\\">
    <div role=\\"button\\" aria-disabled=\\"false\\" aria-expanded=\\"false\\" tabindex=\\"0\\" class=\\"mb-collapse-item-header mb-collapse-item-header-left\\"><span class=\\"mb-icon-hover mb-collapse-item-icon-hover\\"><svg viewBox=\\"0 0 48 48\\" fill=\\"none\\" xmlns=\\"http://www.w3.org/2000/svg\\" stroke=\\"currentColor\\" class=\\"mb-icon mb-icon-caret-right mb-collapse-item-expand-icon\\" stroke-width=\\"4\\" stroke-linecap=\\"butt\\" stroke-linejoin=\\"miter\\"><path d=\\"M34.829 23.063c.6.48.6 1.394 0 1.874L17.949 38.44c-.785.629-1.949.07-1.949-.937V10.497c0-1.007 1.164-1.566 1.95-.937l16.879 13.503Z\\" fill=\\"currentColor\\" stroke=\\"none\\"></path></svg></span>
      <div class=\\"mb-collapse-item-header-title\\">Shanghai MaBang Technology Co., Ltd.</div>
      <!--v-if-->
    </div>
    <transition-stub>
      <div role=\\"region\\" class=\\"mb-collapse-item-content\\" style=\\"display: none;\\">
        <div class=\\"mb-collapse-item-content-box\\">
          <div>Shanghai MaBang Technology Co., Ltd.</div>
          <div>Shanghai MaBang Technology Co., Ltd.</div>
          <div>Shanghai MaBang Technology Co., Ltd.</div>
        </div>
      </div>
    </transition-stub>
  </div>
</div>"
`;

exports[`<collapse> demo: render [destroy] correctly 1`] = `
"<div class=\\"mb-collapse\\">
  <div class=\\"mb-collapse-item mb-collapse-item-active\\">
    <div role=\\"button\\" aria-disabled=\\"false\\" aria-expanded=\\"true\\" tabindex=\\"0\\" class=\\"mb-collapse-item-header mb-collapse-item-header-left\\"><span class=\\"mb-icon-hover mb-collapse-item-icon-hover\\"><svg viewBox=\\"0 0 48 48\\" fill=\\"none\\" xmlns=\\"http://www.w3.org/2000/svg\\" stroke=\\"currentColor\\" class=\\"mb-icon mb-icon-caret-right mb-collapse-item-expand-icon\\" stroke-width=\\"4\\" stroke-linecap=\\"butt\\" stroke-linejoin=\\"miter\\"><path d=\\"M34.829 23.063c.6.48.6 1.394 0 1.874L17.949 38.44c-.785.629-1.949.07-1.949-.937V10.497c0-1.007 1.164-1.566 1.95-.937l16.879 13.503Z\\" fill=\\"currentColor\\" stroke=\\"none\\"></path></svg></span>
      <div class=\\"mb-collapse-item-header-title\\">Shanghai MaBang Technology Co., Ltd.</div>
      <!--v-if-->
    </div>
    <transition-stub>
      <div role=\\"region\\" class=\\"mb-collapse-item-content mb-collapse-item-content-expend\\">
        <div class=\\"mb-collapse-item-content-box\\">
          <div>Shanghai MaBang Technology Co., Ltd.</div>
          <div>Shanghai MaBang Technology Co., Ltd.</div>
          <div>Shanghai MaBang Technology Co., Ltd.</div>
        </div>
      </div>
    </transition-stub>
  </div>
  <div class=\\"mb-collapse-item mb-collapse-item-active\\">
    <div role=\\"button\\" aria-disabled=\\"false\\" aria-expanded=\\"true\\" tabindex=\\"0\\" class=\\"mb-collapse-item-header mb-collapse-item-header-left\\"><span class=\\"mb-icon-hover mb-collapse-item-icon-hover\\"><svg viewBox=\\"0 0 48 48\\" fill=\\"none\\" xmlns=\\"http://www.w3.org/2000/svg\\" stroke=\\"currentColor\\" class=\\"mb-icon mb-icon-caret-right mb-collapse-item-expand-icon\\" stroke-width=\\"4\\" stroke-linecap=\\"butt\\" stroke-linejoin=\\"miter\\"><path d=\\"M34.829 23.063c.6.48.6 1.394 0 1.874L17.949 38.44c-.785.629-1.949.07-1.949-.937V10.497c0-1.007 1.164-1.566 1.95-.937l16.879 13.503Z\\" fill=\\"currentColor\\" stroke=\\"none\\"></path></svg></span>
      <div class=\\"mb-collapse-item-header-title\\">Shanghai MaBang Technology Co., Ltd.</div>
      <!--v-if-->
    </div>
    <transition-stub>
      <div role=\\"region\\" class=\\"mb-collapse-item-content mb-collapse-item-content-expend\\">
        <div class=\\"mb-collapse-item-content-box\\">
          <div>Shanghai MaBang Technology Co., Ltd.</div>
          <div>Shanghai MaBang Technology Co., Ltd.</div>
          <div>Shanghai MaBang Technology Co., Ltd.</div>
        </div>
      </div>
    </transition-stub>
  </div>
  <div class=\\"mb-collapse-item\\">
    <div role=\\"button\\" aria-disabled=\\"false\\" aria-expanded=\\"false\\" tabindex=\\"0\\" class=\\"mb-collapse-item-header mb-collapse-item-header-left\\">
      <!--v-if-->
      <div class=\\"mb-collapse-item-header-title\\">Shanghai MaBang Technology Co., Ltd.</div>
      <!--v-if-->
    </div>
    <transition-stub>
      <div role=\\"region\\" class=\\"mb-collapse-item-content\\" style=\\"display: none;\\">
        <!--v-if-->
      </div>
    </transition-stub>
  </div>
</div>"
`;

exports[`<collapse> demo: render [icon-position] correctly 1`] = `
"<div class=\\"mb-space mb-space-vertical\\" style=\\"width: 100%;\\">
  <div class=\\"mb-space-item\\" style=\\"margin-bottom: 8px;\\"><span class=\\"mb-radio-group-button mb-radio-group-size-undefined mb-radio-group-direction-horizontal\\"><label class=\\"mb-radio-button mb-radio-checked\\"><input type=\\"radio\\" class=\\"mb-radio-target\\" value=\\"left\\"><span class=\\"mb-radio-button-content\\">Left</span></label><label class=\\"mb-radio-button\\"><input type=\\"radio\\" class=\\"mb-radio-target\\" value=\\"right\\"><span class=\\"mb-radio-button-content\\">Right</span></label></span></div>
  <div class=\\"mb-space-item\\">
    <div class=\\"mb-collapse\\">
      <div class=\\"mb-collapse-item mb-collapse-item-active\\">
        <div role=\\"button\\" aria-disabled=\\"false\\" aria-expanded=\\"true\\" tabindex=\\"0\\" class=\\"mb-collapse-item-header mb-collapse-item-header-left\\"><span class=\\"mb-icon-hover mb-collapse-item-icon-hover\\"><svg viewBox=\\"0 0 48 48\\" fill=\\"none\\" xmlns=\\"http://www.w3.org/2000/svg\\" stroke=\\"currentColor\\" class=\\"mb-icon mb-icon-caret-right mb-collapse-item-expand-icon\\" stroke-width=\\"4\\" stroke-linecap=\\"butt\\" stroke-linejoin=\\"miter\\"><path d=\\"M34.829 23.063c.6.48.6 1.394 0 1.874L17.949 38.44c-.785.629-1.949.07-1.949-.937V10.497c0-1.007 1.164-1.566 1.95-.937l16.879 13.503Z\\" fill=\\"currentColor\\" stroke=\\"none\\"></path></svg></span>
          <div class=\\"mb-collapse-item-header-title\\">Shanghai MaBang Technology Co., Ltd.</div>
          <!--v-if-->
        </div>
        <transition-stub>
          <div role=\\"region\\" class=\\"mb-collapse-item-content mb-collapse-item-content-expend\\">
            <div class=\\"mb-collapse-item-content-box\\">
              <div>Shanghai MaBang Technology Co., Ltd.</div>
              <div>Shanghai MaBang Technology Co., Ltd.</div>
              <div>Shanghai MaBang Technology Co., Ltd.</div>
            </div>
          </div>
        </transition-stub>
      </div>
      <div class=\\"mb-collapse-item\\">
        <div role=\\"button\\" aria-disabled=\\"true\\" aria-expanded=\\"false\\" tabindex=\\"0\\" class=\\"mb-collapse-item-header mb-collapse-item-header-left mb-collapse-item-header-disabled\\"><span class=\\"mb-icon-hover mb-collapse-item-icon-hover mb-icon-hover-disabled\\"><svg viewBox=\\"0 0 48 48\\" fill=\\"none\\" xmlns=\\"http://www.w3.org/2000/svg\\" stroke=\\"currentColor\\" class=\\"mb-icon mb-icon-caret-right mb-collapse-item-expand-icon\\" stroke-width=\\"4\\" stroke-linecap=\\"butt\\" stroke-linejoin=\\"miter\\"><path d=\\"M34.829 23.063c.6.48.6 1.394 0 1.874L17.949 38.44c-.785.629-1.949.07-1.949-.937V10.497c0-1.007 1.164-1.566 1.95-.937l16.879 13.503Z\\" fill=\\"currentColor\\" stroke=\\"none\\"></path></svg></span>
          <div class=\\"mb-collapse-item-header-title\\">Shanghai MaBang Technology Co., Ltd.</div>
          <!--v-if-->
        </div>
        <transition-stub>
          <div role=\\"region\\" class=\\"mb-collapse-item-content\\" style=\\"display: none;\\">
            <div class=\\"mb-collapse-item-content-box\\">
              <div>Shanghai MaBang Technology Co., Ltd.</div>
              <div>Shanghai MaBang Technology Co., Ltd.</div>
              <div>Shanghai MaBang Technology Co., Ltd.</div>
            </div>
          </div>
        </transition-stub>
      </div>
      <div class=\\"mb-collapse-item\\">
        <div role=\\"button\\" aria-disabled=\\"false\\" aria-expanded=\\"false\\" tabindex=\\"0\\" class=\\"mb-collapse-item-header mb-collapse-item-header-left\\"><span class=\\"mb-icon-hover mb-collapse-item-icon-hover\\"><svg viewBox=\\"0 0 48 48\\" fill=\\"none\\" xmlns=\\"http://www.w3.org/2000/svg\\" stroke=\\"currentColor\\" class=\\"mb-icon mb-icon-caret-right mb-collapse-item-expand-icon\\" stroke-width=\\"4\\" stroke-linecap=\\"butt\\" stroke-linejoin=\\"miter\\"><path d=\\"M34.829 23.063c.6.48.6 1.394 0 1.874L17.949 38.44c-.785.629-1.949.07-1.949-.937V10.497c0-1.007 1.164-1.566 1.95-.937l16.879 13.503Z\\" fill=\\"currentColor\\" stroke=\\"none\\"></path></svg></span>
          <div class=\\"mb-collapse-item-header-title\\">Shanghai MaBang Technology Co., Ltd.</div>
          <!--v-if-->
        </div>
        <transition-stub>
          <div role=\\"region\\" class=\\"mb-collapse-item-content\\" style=\\"display: none;\\">
            <div class=\\"mb-collapse-item-content-box\\">
              <div>Shanghai MaBang Technology Co., Ltd.</div>
              <div>Shanghai MaBang Technology Co., Ltd.</div>
              <div>Shanghai MaBang Technology Co., Ltd.</div>
            </div>
          </div>
        </transition-stub>
      </div>
    </div>
  </div>
</div>"
`;
