// Jest Snapshot v1, https://goo.gl/fbAQLP

exports[`<transfer> demo: render [basic] correctly 1`] = `
"<div class=\\"mb-transfer\\">
  <div class=\\"mb-transfer-view mb-transfer-view-source\\">
    <div class=\\"mb-transfer-view-header\\"><span class=\\"mb-transfer-view-header-title\\"><label class=\\"mb-checkbox\\"><input type=\\"checkbox\\" class=\\"mb-checkbox-target\\"><span class=\\"mb-icon-hover mb-checkbox-icon-hover\\"><div class=\\"mb-checkbox-icon\\"><!----></div></span><span class=\\"mb-checkbox-label\\">Source</span></label></span><span class=\\"mb-transfer-view-header-count\\">0 / 5</span></div>
    <!--v-if-->
    <div class=\\"mb-list-wrapper mb-transfer-view-list\\">
      <div class=\\"mb-spin mb-list-spin\\">
        <div class=\\"mb-list mb-list-medium mb-list-split\\">
          <!---->
          <div role=\\"list\\" class=\\"mb-list-content\\">
            <div class=\\"mb-transfer-list-item\\"><label class=\\"mb-checkbox mb-transfer-list-item-content mb-transfer-list-item-checkbox\\"><input type=\\"checkbox\\" class=\\"mb-checkbox-target\\" value=\\"option2\\"><span class=\\"mb-icon-hover mb-checkbox-icon-hover\\"><div class=\\"mb-checkbox-icon\\"><!----></div></span><span class=\\"mb-checkbox-label\\">Option 2</span></label>
              <!---->
            </div>
            <div class=\\"mb-transfer-list-item\\"><label class=\\"mb-checkbox mb-transfer-list-item-content mb-transfer-list-item-checkbox\\"><input type=\\"checkbox\\" class=\\"mb-checkbox-target\\" value=\\"option4\\"><span class=\\"mb-icon-hover mb-checkbox-icon-hover\\"><div class=\\"mb-checkbox-icon\\"><!----></div></span><span class=\\"mb-checkbox-label\\">Option 4</span></label>
              <!---->
            </div>
            <div class=\\"mb-transfer-list-item\\"><label class=\\"mb-checkbox mb-transfer-list-item-content mb-transfer-list-item-checkbox\\"><input type=\\"checkbox\\" class=\\"mb-checkbox-target\\" value=\\"option6\\"><span class=\\"mb-icon-hover mb-checkbox-icon-hover\\"><div class=\\"mb-checkbox-icon\\"><!----></div></span><span class=\\"mb-checkbox-label\\">Option 6</span></label>
              <!---->
            </div>
            <div class=\\"mb-transfer-list-item\\"><label class=\\"mb-checkbox mb-transfer-list-item-content mb-transfer-list-item-checkbox\\"><input type=\\"checkbox\\" class=\\"mb-checkbox-target\\" value=\\"option7\\"><span class=\\"mb-icon-hover mb-checkbox-icon-hover\\"><div class=\\"mb-checkbox-icon\\"><!----></div></span><span class=\\"mb-checkbox-label\\">Option 7</span></label>
              <!---->
            </div>
            <div class=\\"mb-transfer-list-item\\"><label class=\\"mb-checkbox mb-transfer-list-item-content mb-transfer-list-item-checkbox\\"><input type=\\"checkbox\\" class=\\"mb-checkbox-target\\" value=\\"option8\\"><span class=\\"mb-icon-hover mb-checkbox-icon-hover\\"><div class=\\"mb-checkbox-icon\\"><!----></div></span><span class=\\"mb-checkbox-label\\">Option 8</span></label>
              <!---->
            </div>
            <!---->
          </div>
          <!---->
        </div>
        <!---->
        <!---->
      </div>
    </div>
  </div>
  <div class=\\"mb-transfer-operations\\"><button class=\\"mb-btn mb-btn-secondary mb-btn-shape-round mb-btn-size-small mb-btn-status-normal mb-btn-disabled mb-btn-only-icon\\" type=\\"button\\" disabled=\\"\\" tabindex=\\"-1\\" aria-label=\\"Move selected right\\"><span class=\\"mb-btn-icon\\"><svg viewBox=\\"0 0 48 48\\" fill=\\"none\\" xmlns=\\"http://www.w3.org/2000/svg\\" stroke=\\"currentColor\\" class=\\"mb-icon mb-icon-right\\" stroke-width=\\"4\\" stroke-linecap=\\"butt\\" stroke-linejoin=\\"miter\\"><path d=\\"m16 39.513 15.556-15.557L16 8.4\\"></path></svg></span></button><button class=\\"mb-btn mb-btn-secondary mb-btn-shape-round mb-btn-size-small mb-btn-status-normal mb-btn-disabled mb-btn-only-icon\\" type=\\"button\\" disabled=\\"\\" tabindex=\\"-1\\" aria-label=\\"Move selected left\\"><span class=\\"mb-btn-icon\\"><svg viewBox=\\"0 0 48 48\\" fill=\\"none\\" xmlns=\\"http://www.w3.org/2000/svg\\" stroke=\\"currentColor\\" class=\\"mb-icon mb-icon-left\\" stroke-width=\\"4\\" stroke-linecap=\\"butt\\" stroke-linejoin=\\"miter\\"><path d=\\"M32 8.4 16.444 23.956 32 39.513\\"></path></svg></span></button></div>
  <div class=\\"mb-transfer-view mb-transfer-view-target\\">
    <div class=\\"mb-transfer-view-header\\"><span class=\\"mb-transfer-view-header-title\\"><label class=\\"mb-checkbox\\"><input type=\\"checkbox\\" class=\\"mb-checkbox-target\\"><span class=\\"mb-icon-hover mb-checkbox-icon-hover\\"><div class=\\"mb-checkbox-icon\\"><!----></div></span><span class=\\"mb-checkbox-label\\">Target</span></label></span><span class=\\"mb-transfer-view-header-count\\">0 / 3</span></div>
    <!--v-if-->
    <div class=\\"mb-list-wrapper mb-transfer-view-list\\">
      <div class=\\"mb-spin mb-list-spin\\">
        <div class=\\"mb-list mb-list-medium mb-list-split\\">
          <!---->
          <div role=\\"list\\" class=\\"mb-list-content\\">
            <div class=\\"mb-transfer-list-item\\"><label class=\\"mb-checkbox mb-transfer-list-item-content mb-transfer-list-item-checkbox\\"><input type=\\"checkbox\\" class=\\"mb-checkbox-target\\" value=\\"option1\\"><span class=\\"mb-icon-hover mb-checkbox-icon-hover\\"><div class=\\"mb-checkbox-icon\\"><!----></div></span><span class=\\"mb-checkbox-label\\">Option 1</span></label>
              <!---->
            </div>
            <div class=\\"mb-transfer-list-item\\"><label class=\\"mb-checkbox mb-transfer-list-item-content mb-transfer-list-item-checkbox\\"><input type=\\"checkbox\\" class=\\"mb-checkbox-target\\" value=\\"option3\\"><span class=\\"mb-icon-hover mb-checkbox-icon-hover\\"><div class=\\"mb-checkbox-icon\\"><!----></div></span><span class=\\"mb-checkbox-label\\">Option 3</span></label>
              <!---->
            </div>
            <div class=\\"mb-transfer-list-item\\"><label class=\\"mb-checkbox mb-transfer-list-item-content mb-transfer-list-item-checkbox\\"><input type=\\"checkbox\\" class=\\"mb-checkbox-target\\" value=\\"option5\\"><span class=\\"mb-icon-hover mb-checkbox-icon-hover\\"><div class=\\"mb-checkbox-icon\\"><!----></div></span><span class=\\"mb-checkbox-label\\">Option 5</span></label>
              <!---->
            </div>
            <!---->
          </div>
          <!---->
        </div>
        <!---->
        <!---->
      </div>
    </div>
  </div>
</div>"
`;

exports[`<transfer> demo: render [custom] correctly 1`] = `
"<div class=\\"mb-transfer\\">
  <div class=\\"mb-transfer-view mb-transfer-view-source\\">
    <div class=\\"mb-transfer-view-header\\"><span class=\\"mb-transfer-view-header-title\\"><label class=\\"mb-checkbox\\"><input type=\\"checkbox\\" class=\\"mb-checkbox-target\\"><span class=\\"mb-icon-hover mb-checkbox-icon-hover\\"><div class=\\"mb-checkbox-icon\\"><!----></div></span><span class=\\"mb-checkbox-label\\">Source</span></label></span><span class=\\"mb-transfer-view-header-count\\">0 / 5</span></div>
    <!--v-if-->
    <div class=\\"mb-list-wrapper mb-transfer-view-list\\">
      <div class=\\"mb-spin mb-list-spin\\">
        <div class=\\"mb-list mb-list-medium mb-list-split\\">
          <!---->
          <div role=\\"list\\" class=\\"mb-list-content\\">
            <div class=\\"mb-transfer-list-item\\"><label class=\\"mb-checkbox mb-transfer-list-item-content mb-transfer-list-item-checkbox\\"><input type=\\"checkbox\\" class=\\"mb-checkbox-target\\" value=\\"option2\\"><span class=\\"mb-icon-hover mb-checkbox-icon-hover\\"><div class=\\"mb-checkbox-icon\\"><!----></div></span><span class=\\"mb-checkbox-label\\"><svg viewBox=\\"0 0 48 48\\" fill=\\"none\\" xmlns=\\"http://www.w3.org/2000/svg\\" stroke=\\"currentColor\\" class=\\"mb-icon mb-icon-up\\" stroke-width=\\"4\\" stroke-linecap=\\"butt\\" stroke-linejoin=\\"miter\\"><path d=\\"M39.6 30.557 24.043 15 8.487 30.557\\"></path></svg>Option 2</span></label>
              <!---->
            </div>
            <div class=\\"mb-transfer-list-item\\"><label class=\\"mb-checkbox mb-transfer-list-item-content mb-transfer-list-item-checkbox\\"><input type=\\"checkbox\\" class=\\"mb-checkbox-target\\" value=\\"option4\\"><span class=\\"mb-icon-hover mb-checkbox-icon-hover\\"><div class=\\"mb-checkbox-icon\\"><!----></div></span><span class=\\"mb-checkbox-label\\"><svg viewBox=\\"0 0 48 48\\" fill=\\"none\\" xmlns=\\"http://www.w3.org/2000/svg\\" stroke=\\"currentColor\\" class=\\"mb-icon mb-icon-up\\" stroke-width=\\"4\\" stroke-linecap=\\"butt\\" stroke-linejoin=\\"miter\\"><path d=\\"M39.6 30.557 24.043 15 8.487 30.557\\"></path></svg>Option 4</span></label>
              <!---->
            </div>
            <div class=\\"mb-transfer-list-item\\"><label class=\\"mb-checkbox mb-transfer-list-item-content mb-transfer-list-item-checkbox\\"><input type=\\"checkbox\\" class=\\"mb-checkbox-target\\" value=\\"option6\\"><span class=\\"mb-icon-hover mb-checkbox-icon-hover\\"><div class=\\"mb-checkbox-icon\\"><!----></div></span><span class=\\"mb-checkbox-label\\"><svg viewBox=\\"0 0 48 48\\" fill=\\"none\\" xmlns=\\"http://www.w3.org/2000/svg\\" stroke=\\"currentColor\\" class=\\"mb-icon mb-icon-up\\" stroke-width=\\"4\\" stroke-linecap=\\"butt\\" stroke-linejoin=\\"miter\\"><path d=\\"M39.6 30.557 24.043 15 8.487 30.557\\"></path></svg>Option 6</span></label>
              <!---->
            </div>
            <div class=\\"mb-transfer-list-item\\"><label class=\\"mb-checkbox mb-transfer-list-item-content mb-transfer-list-item-checkbox\\"><input type=\\"checkbox\\" class=\\"mb-checkbox-target\\" value=\\"option7\\"><span class=\\"mb-icon-hover mb-checkbox-icon-hover\\"><div class=\\"mb-checkbox-icon\\"><!----></div></span><span class=\\"mb-checkbox-label\\"><svg viewBox=\\"0 0 48 48\\" fill=\\"none\\" xmlns=\\"http://www.w3.org/2000/svg\\" stroke=\\"currentColor\\" class=\\"mb-icon mb-icon-up\\" stroke-width=\\"4\\" stroke-linecap=\\"butt\\" stroke-linejoin=\\"miter\\"><path d=\\"M39.6 30.557 24.043 15 8.487 30.557\\"></path></svg>Option 7</span></label>
              <!---->
            </div>
            <div class=\\"mb-transfer-list-item\\"><label class=\\"mb-checkbox mb-transfer-list-item-content mb-transfer-list-item-checkbox\\"><input type=\\"checkbox\\" class=\\"mb-checkbox-target\\" value=\\"option8\\"><span class=\\"mb-icon-hover mb-checkbox-icon-hover\\"><div class=\\"mb-checkbox-icon\\"><!----></div></span><span class=\\"mb-checkbox-label\\"><svg viewBox=\\"0 0 48 48\\" fill=\\"none\\" xmlns=\\"http://www.w3.org/2000/svg\\" stroke=\\"currentColor\\" class=\\"mb-icon mb-icon-up\\" stroke-width=\\"4\\" stroke-linecap=\\"butt\\" stroke-linejoin=\\"miter\\"><path d=\\"M39.6 30.557 24.043 15 8.487 30.557\\"></path></svg>Option 8</span></label>
              <!---->
            </div>
            <!---->
          </div>
          <!---->
        </div>
        <!---->
        <!---->
      </div>
    </div>
  </div>
  <div class=\\"mb-transfer-operations\\"><button class=\\"mb-btn mb-btn-secondary mb-btn-shape-round mb-btn-size-small mb-btn-status-normal mb-btn-disabled mb-btn-only-icon\\" type=\\"button\\" disabled=\\"\\" tabindex=\\"-1\\" aria-label=\\"Move selected right\\"><span class=\\"mb-btn-icon\\"><svg viewBox=\\"0 0 48 48\\" fill=\\"none\\" xmlns=\\"http://www.w3.org/2000/svg\\" stroke=\\"currentColor\\" class=\\"mb-icon mb-icon-right\\" stroke-width=\\"4\\" stroke-linecap=\\"butt\\" stroke-linejoin=\\"miter\\"><path d=\\"m16 39.513 15.556-15.557L16 8.4\\"></path></svg></span></button><button class=\\"mb-btn mb-btn-secondary mb-btn-shape-round mb-btn-size-small mb-btn-status-normal mb-btn-disabled mb-btn-only-icon\\" type=\\"button\\" disabled=\\"\\" tabindex=\\"-1\\" aria-label=\\"Move selected left\\"><span class=\\"mb-btn-icon\\"><svg viewBox=\\"0 0 48 48\\" fill=\\"none\\" xmlns=\\"http://www.w3.org/2000/svg\\" stroke=\\"currentColor\\" class=\\"mb-icon mb-icon-left\\" stroke-width=\\"4\\" stroke-linecap=\\"butt\\" stroke-linejoin=\\"miter\\"><path d=\\"M32 8.4 16.444 23.956 32 39.513\\"></path></svg></span></button></div>
  <div class=\\"mb-transfer-view mb-transfer-view-target\\">
    <div class=\\"mb-transfer-view-header\\"><span class=\\"mb-transfer-view-header-title\\"><label class=\\"mb-checkbox\\"><input type=\\"checkbox\\" class=\\"mb-checkbox-target\\"><span class=\\"mb-icon-hover mb-checkbox-icon-hover\\"><div class=\\"mb-checkbox-icon\\"><!----></div></span><span class=\\"mb-checkbox-label\\">Target</span></label></span><span class=\\"mb-transfer-view-header-count\\">0 / 3</span></div>
    <!--v-if-->
    <div class=\\"mb-list-wrapper mb-transfer-view-list\\">
      <div class=\\"mb-spin mb-list-spin\\">
        <div class=\\"mb-list mb-list-medium mb-list-split\\">
          <!---->
          <div role=\\"list\\" class=\\"mb-list-content\\">
            <div class=\\"mb-transfer-list-item\\"><label class=\\"mb-checkbox mb-transfer-list-item-content mb-transfer-list-item-checkbox\\"><input type=\\"checkbox\\" class=\\"mb-checkbox-target\\" value=\\"option1\\"><span class=\\"mb-icon-hover mb-checkbox-icon-hover\\"><div class=\\"mb-checkbox-icon\\"><!----></div></span><span class=\\"mb-checkbox-label\\"><svg viewBox=\\"0 0 48 48\\" fill=\\"none\\" xmlns=\\"http://www.w3.org/2000/svg\\" stroke=\\"currentColor\\" class=\\"mb-icon mb-icon-up\\" stroke-width=\\"4\\" stroke-linecap=\\"butt\\" stroke-linejoin=\\"miter\\"><path d=\\"M39.6 30.557 24.043 15 8.487 30.557\\"></path></svg>Option 1</span></label>
              <!---->
            </div>
            <div class=\\"mb-transfer-list-item\\"><label class=\\"mb-checkbox mb-transfer-list-item-content mb-transfer-list-item-checkbox\\"><input type=\\"checkbox\\" class=\\"mb-checkbox-target\\" value=\\"option3\\"><span class=\\"mb-icon-hover mb-checkbox-icon-hover\\"><div class=\\"mb-checkbox-icon\\"><!----></div></span><span class=\\"mb-checkbox-label\\"><svg viewBox=\\"0 0 48 48\\" fill=\\"none\\" xmlns=\\"http://www.w3.org/2000/svg\\" stroke=\\"currentColor\\" class=\\"mb-icon mb-icon-up\\" stroke-width=\\"4\\" stroke-linecap=\\"butt\\" stroke-linejoin=\\"miter\\"><path d=\\"M39.6 30.557 24.043 15 8.487 30.557\\"></path></svg>Option 3</span></label>
              <!---->
            </div>
            <div class=\\"mb-transfer-list-item\\"><label class=\\"mb-checkbox mb-transfer-list-item-content mb-transfer-list-item-checkbox\\"><input type=\\"checkbox\\" class=\\"mb-checkbox-target\\" value=\\"option5\\"><span class=\\"mb-icon-hover mb-checkbox-icon-hover\\"><div class=\\"mb-checkbox-icon\\"><!----></div></span><span class=\\"mb-checkbox-label\\"><svg viewBox=\\"0 0 48 48\\" fill=\\"none\\" xmlns=\\"http://www.w3.org/2000/svg\\" stroke=\\"currentColor\\" class=\\"mb-icon mb-icon-up\\" stroke-width=\\"4\\" stroke-linecap=\\"butt\\" stroke-linejoin=\\"miter\\"><path d=\\"M39.6 30.557 24.043 15 8.487 30.557\\"></path></svg>Option 5</span></label>
              <!---->
            </div>
            <!---->
          </div>
          <!---->
        </div>
        <!---->
        <!---->
      </div>
    </div>
  </div>
</div>"
`;

exports[`<transfer> demo: render [one-way] correctly 1`] = `
"<div class=\\"mb-transfer\\">
  <div class=\\"mb-transfer-view mb-transfer-view-source\\">
    <div class=\\"mb-transfer-view-header\\"><span class=\\"mb-transfer-view-header-title\\"><label class=\\"mb-checkbox\\"><input type=\\"checkbox\\" class=\\"mb-checkbox-target\\"><span class=\\"mb-icon-hover mb-checkbox-icon-hover\\"><div class=\\"mb-checkbox-icon\\"><!----></div></span><span class=\\"mb-checkbox-label\\">Source</span></label></span><span class=\\"mb-transfer-view-header-count\\">0 / 5</span></div>
    <!--v-if-->
    <div class=\\"mb-list-wrapper mb-transfer-view-list\\">
      <div class=\\"mb-spin mb-list-spin\\">
        <div class=\\"mb-list mb-list-medium mb-list-split\\">
          <!---->
          <div role=\\"list\\" class=\\"mb-list-content\\">
            <div class=\\"mb-transfer-list-item\\"><label class=\\"mb-checkbox mb-transfer-list-item-content mb-transfer-list-item-checkbox\\"><input type=\\"checkbox\\" class=\\"mb-checkbox-target\\" value=\\"option2\\"><span class=\\"mb-icon-hover mb-checkbox-icon-hover\\"><div class=\\"mb-checkbox-icon\\"><!----></div></span><span class=\\"mb-checkbox-label\\">Option 2</span></label>
              <!---->
            </div>
            <div class=\\"mb-transfer-list-item\\"><label class=\\"mb-checkbox mb-transfer-list-item-content mb-transfer-list-item-checkbox\\"><input type=\\"checkbox\\" class=\\"mb-checkbox-target\\" value=\\"option4\\"><span class=\\"mb-icon-hover mb-checkbox-icon-hover\\"><div class=\\"mb-checkbox-icon\\"><!----></div></span><span class=\\"mb-checkbox-label\\">Option 4</span></label>
              <!---->
            </div>
            <div class=\\"mb-transfer-list-item\\"><label class=\\"mb-checkbox mb-transfer-list-item-content mb-transfer-list-item-checkbox\\"><input type=\\"checkbox\\" class=\\"mb-checkbox-target\\" value=\\"option6\\"><span class=\\"mb-icon-hover mb-checkbox-icon-hover\\"><div class=\\"mb-checkbox-icon\\"><!----></div></span><span class=\\"mb-checkbox-label\\">Option 6</span></label>
              <!---->
            </div>
            <div class=\\"mb-transfer-list-item\\"><label class=\\"mb-checkbox mb-transfer-list-item-content mb-transfer-list-item-checkbox\\"><input type=\\"checkbox\\" class=\\"mb-checkbox-target\\" value=\\"option7\\"><span class=\\"mb-icon-hover mb-checkbox-icon-hover\\"><div class=\\"mb-checkbox-icon\\"><!----></div></span><span class=\\"mb-checkbox-label\\">Option 7</span></label>
              <!---->
            </div>
            <div class=\\"mb-transfer-list-item\\"><label class=\\"mb-checkbox mb-transfer-list-item-content mb-transfer-list-item-checkbox\\"><input type=\\"checkbox\\" class=\\"mb-checkbox-target\\" value=\\"option8\\"><span class=\\"mb-icon-hover mb-checkbox-icon-hover\\"><div class=\\"mb-checkbox-icon\\"><!----></div></span><span class=\\"mb-checkbox-label\\">Option 8</span></label>
              <!---->
            </div>
            <!---->
          </div>
          <!---->
        </div>
        <!---->
        <!---->
      </div>
    </div>
  </div>
  <div class=\\"mb-transfer-operations\\"><button class=\\"mb-btn mb-btn-secondary mb-btn-shape-round mb-btn-size-small mb-btn-status-normal mb-btn-disabled mb-btn-only-icon\\" type=\\"button\\" disabled=\\"\\" tabindex=\\"-1\\" aria-label=\\"Move selected right\\"><span class=\\"mb-btn-icon\\"><svg viewBox=\\"0 0 48 48\\" fill=\\"none\\" xmlns=\\"http://www.w3.org/2000/svg\\" stroke=\\"currentColor\\" class=\\"mb-icon mb-icon-right\\" stroke-width=\\"4\\" stroke-linecap=\\"butt\\" stroke-linejoin=\\"miter\\"><path d=\\"m16 39.513 15.556-15.557L16 8.4\\"></path></svg></span></button>
    <!--v-if-->
  </div>
  <div class=\\"mb-transfer-view mb-transfer-view-target\\">
    <div class=\\"mb-transfer-view-header\\"><span class=\\"mb-transfer-view-header-title\\">Target</span><span class=\\"mb-icon-hover mb-transfer-view-header-clear-btn\\"><svg viewBox=\\"0 0 48 48\\" fill=\\"none\\" xmlns=\\"http://www.w3.org/2000/svg\\" stroke=\\"currentColor\\" class=\\"mb-icon mb-icon-delete\\" stroke-width=\\"4\\" stroke-linecap=\\"butt\\" stroke-linejoin=\\"miter\\"><path d=\\"M5 11h5.5m0 0v29a1 1 0 0 0 1 1h25a1 1 0 0 0 1-1V11m-27 0H16m21.5 0H43m-5.5 0H32m-16 0V7h16v4m-16 0h16M20 18v15m8-15v15\\"></path></svg></span></div>
    <!--v-if-->
    <div class=\\"mb-list-wrapper mb-transfer-view-list\\">
      <div class=\\"mb-spin mb-list-spin\\">
        <div class=\\"mb-list mb-list-medium mb-list-split\\">
          <!---->
          <div role=\\"list\\" class=\\"mb-list-content\\">
            <div class=\\"mb-transfer-list-item\\"><span class=\\"mb-transfer-list-item-content\\">Option 1</span><span class=\\"mb-icon-hover mb-transfer-list-item-remove-btn\\"><svg viewBox=\\"0 0 48 48\\" fill=\\"none\\" xmlns=\\"http://www.w3.org/2000/svg\\" stroke=\\"currentColor\\" class=\\"mb-icon mb-icon-close\\" stroke-width=\\"4\\" stroke-linecap=\\"butt\\" stroke-linejoin=\\"miter\\"><path d=\\"M9.857 9.858 24 24m0 0 14.142 14.142M24 24 38.142 9.858M24 24 9.857 38.142\\"></path></svg></span></div>
            <div class=\\"mb-transfer-list-item\\"><span class=\\"mb-transfer-list-item-content\\">Option 3</span><span class=\\"mb-icon-hover mb-transfer-list-item-remove-btn\\"><svg viewBox=\\"0 0 48 48\\" fill=\\"none\\" xmlns=\\"http://www.w3.org/2000/svg\\" stroke=\\"currentColor\\" class=\\"mb-icon mb-icon-close\\" stroke-width=\\"4\\" stroke-linecap=\\"butt\\" stroke-linejoin=\\"miter\\"><path d=\\"M9.857 9.858 24 24m0 0 14.142 14.142M24 24 38.142 9.858M24 24 9.857 38.142\\"></path></svg></span></div>
            <div class=\\"mb-transfer-list-item\\"><span class=\\"mb-transfer-list-item-content\\">Option 5</span><span class=\\"mb-icon-hover mb-transfer-list-item-remove-btn\\"><svg viewBox=\\"0 0 48 48\\" fill=\\"none\\" xmlns=\\"http://www.w3.org/2000/svg\\" stroke=\\"currentColor\\" class=\\"mb-icon mb-icon-close\\" stroke-width=\\"4\\" stroke-linecap=\\"butt\\" stroke-linejoin=\\"miter\\"><path d=\\"M9.857 9.858 24 24m0 0 14.142 14.142M24 24 38.142 9.858M24 24 9.857 38.142\\"></path></svg></span></div>
            <!---->
          </div>
          <!---->
        </div>
        <!---->
        <!---->
      </div>
    </div>
  </div>
</div>"
`;

exports[`<transfer> demo: render [pagination] correctly 1`] = `"<!---->"`;

exports[`<transfer> demo: render [search] correctly 1`] = `
"<div class=\\"mb-transfer\\">
  <div class=\\"mb-transfer-view mb-transfer-view-source\\">
    <div class=\\"mb-transfer-view-header\\"><span class=\\"mb-transfer-view-header-title\\"><label class=\\"mb-checkbox\\"><input type=\\"checkbox\\" class=\\"mb-checkbox-target\\"><span class=\\"mb-icon-hover mb-checkbox-icon-hover\\"><div class=\\"mb-checkbox-icon\\"><!----></div></span><span class=\\"mb-checkbox-label\\">Source</span></label></span><span class=\\"mb-transfer-view-header-count\\">0 / 5</span></div>
    <div class=\\"mb-transfer-view-search\\"><span class=\\"mb-input-wrapper mb-input-search\\"><!----><input class=\\"mb-input mb-input-size-medium\\" type=\\"text\\"><!----><span class=\\"mb-input-suffix\\"><!----><span class=\\"mb-icon-hover\\"><svg viewBox=\\"0 0 48 48\\" fill=\\"none\\" xmlns=\\"http://www.w3.org/2000/svg\\" stroke=\\"currentColor\\" class=\\"mb-icon mb-icon-search\\" stroke-width=\\"4\\" stroke-linecap=\\"butt\\" stroke-linejoin=\\"miter\\"><path d=\\"M33.072 33.071c6.248-6.248 6.248-16.379 0-22.627-6.249-6.249-16.38-6.249-22.628 0-6.248 6.248-6.248 16.379 0 22.627 6.248 6.248 16.38 6.248 22.628 0Zm0 0 8.485 8.485\\"></path></svg></span>
      <!---->
      <!----></span></span>
    </div>
    <div class=\\"mb-list-wrapper mb-transfer-view-list\\">
      <div class=\\"mb-spin mb-list-spin\\">
        <div class=\\"mb-list mb-list-medium mb-list-split\\">
          <!---->
          <div role=\\"list\\" class=\\"mb-list-content\\">
            <div class=\\"mb-transfer-list-item\\"><label class=\\"mb-checkbox mb-transfer-list-item-content mb-transfer-list-item-checkbox\\"><input type=\\"checkbox\\" class=\\"mb-checkbox-target\\" value=\\"option2\\"><span class=\\"mb-icon-hover mb-checkbox-icon-hover\\"><div class=\\"mb-checkbox-icon\\"><!----></div></span><span class=\\"mb-checkbox-label\\">Option 2</span></label>
              <!---->
            </div>
            <div class=\\"mb-transfer-list-item\\"><label class=\\"mb-checkbox mb-transfer-list-item-content mb-transfer-list-item-checkbox\\"><input type=\\"checkbox\\" class=\\"mb-checkbox-target\\" value=\\"option4\\"><span class=\\"mb-icon-hover mb-checkbox-icon-hover\\"><div class=\\"mb-checkbox-icon\\"><!----></div></span><span class=\\"mb-checkbox-label\\">Option 4</span></label>
              <!---->
            </div>
            <div class=\\"mb-transfer-list-item\\"><label class=\\"mb-checkbox mb-transfer-list-item-content mb-transfer-list-item-checkbox\\"><input type=\\"checkbox\\" class=\\"mb-checkbox-target\\" value=\\"option6\\"><span class=\\"mb-icon-hover mb-checkbox-icon-hover\\"><div class=\\"mb-checkbox-icon\\"><!----></div></span><span class=\\"mb-checkbox-label\\">Option 6</span></label>
              <!---->
            </div>
            <div class=\\"mb-transfer-list-item\\"><label class=\\"mb-checkbox mb-transfer-list-item-content mb-transfer-list-item-checkbox\\"><input type=\\"checkbox\\" class=\\"mb-checkbox-target\\" value=\\"option7\\"><span class=\\"mb-icon-hover mb-checkbox-icon-hover\\"><div class=\\"mb-checkbox-icon\\"><!----></div></span><span class=\\"mb-checkbox-label\\">Option 7</span></label>
              <!---->
            </div>
            <div class=\\"mb-transfer-list-item\\"><label class=\\"mb-checkbox mb-transfer-list-item-content mb-transfer-list-item-checkbox\\"><input type=\\"checkbox\\" class=\\"mb-checkbox-target\\" value=\\"option8\\"><span class=\\"mb-icon-hover mb-checkbox-icon-hover\\"><div class=\\"mb-checkbox-icon\\"><!----></div></span><span class=\\"mb-checkbox-label\\">Option 8</span></label>
              <!---->
            </div>
            <!---->
          </div>
          <!---->
        </div>
        <!---->
        <!---->
      </div>
    </div>
  </div>
  <div class=\\"mb-transfer-operations\\"><button class=\\"mb-btn mb-btn-secondary mb-btn-shape-round mb-btn-size-small mb-btn-status-normal mb-btn-disabled mb-btn-only-icon\\" type=\\"button\\" disabled=\\"\\" tabindex=\\"-1\\" aria-label=\\"Move selected right\\"><span class=\\"mb-btn-icon\\"><svg viewBox=\\"0 0 48 48\\" fill=\\"none\\" xmlns=\\"http://www.w3.org/2000/svg\\" stroke=\\"currentColor\\" class=\\"mb-icon mb-icon-right\\" stroke-width=\\"4\\" stroke-linecap=\\"butt\\" stroke-linejoin=\\"miter\\"><path d=\\"m16 39.513 15.556-15.557L16 8.4\\"></path></svg></span></button><button class=\\"mb-btn mb-btn-secondary mb-btn-shape-round mb-btn-size-small mb-btn-status-normal mb-btn-disabled mb-btn-only-icon\\" type=\\"button\\" disabled=\\"\\" tabindex=\\"-1\\" aria-label=\\"Move selected left\\"><span class=\\"mb-btn-icon\\"><svg viewBox=\\"0 0 48 48\\" fill=\\"none\\" xmlns=\\"http://www.w3.org/2000/svg\\" stroke=\\"currentColor\\" class=\\"mb-icon mb-icon-left\\" stroke-width=\\"4\\" stroke-linecap=\\"butt\\" stroke-linejoin=\\"miter\\"><path d=\\"M32 8.4 16.444 23.956 32 39.513\\"></path></svg></span></button></div>
  <div class=\\"mb-transfer-view mb-transfer-view-target\\">
    <div class=\\"mb-transfer-view-header\\"><span class=\\"mb-transfer-view-header-title\\"><label class=\\"mb-checkbox\\"><input type=\\"checkbox\\" class=\\"mb-checkbox-target\\"><span class=\\"mb-icon-hover mb-checkbox-icon-hover\\"><div class=\\"mb-checkbox-icon\\"><!----></div></span><span class=\\"mb-checkbox-label\\">Target</span></label></span><span class=\\"mb-transfer-view-header-count\\">0 / 3</span></div>
    <div class=\\"mb-transfer-view-search\\"><span class=\\"mb-input-wrapper mb-input-search\\"><!----><input class=\\"mb-input mb-input-size-medium\\" type=\\"text\\"><!----><span class=\\"mb-input-suffix\\"><!----><span class=\\"mb-icon-hover\\"><svg viewBox=\\"0 0 48 48\\" fill=\\"none\\" xmlns=\\"http://www.w3.org/2000/svg\\" stroke=\\"currentColor\\" class=\\"mb-icon mb-icon-search\\" stroke-width=\\"4\\" stroke-linecap=\\"butt\\" stroke-linejoin=\\"miter\\"><path d=\\"M33.072 33.071c6.248-6.248 6.248-16.379 0-22.627-6.249-6.249-16.38-6.249-22.628 0-6.248 6.248-6.248 16.379 0 22.627 6.248 6.248 16.38 6.248 22.628 0Zm0 0 8.485 8.485\\"></path></svg></span>
      <!---->
      <!----></span></span>
    </div>
    <div class=\\"mb-list-wrapper mb-transfer-view-list\\">
      <div class=\\"mb-spin mb-list-spin\\">
        <div class=\\"mb-list mb-list-medium mb-list-split\\">
          <!---->
          <div role=\\"list\\" class=\\"mb-list-content\\">
            <div class=\\"mb-transfer-list-item\\"><label class=\\"mb-checkbox mb-transfer-list-item-content mb-transfer-list-item-checkbox\\"><input type=\\"checkbox\\" class=\\"mb-checkbox-target\\" value=\\"option1\\"><span class=\\"mb-icon-hover mb-checkbox-icon-hover\\"><div class=\\"mb-checkbox-icon\\"><!----></div></span><span class=\\"mb-checkbox-label\\">Option 1</span></label>
              <!---->
            </div>
            <div class=\\"mb-transfer-list-item\\"><label class=\\"mb-checkbox mb-transfer-list-item-content mb-transfer-list-item-checkbox\\"><input type=\\"checkbox\\" class=\\"mb-checkbox-target\\" value=\\"option3\\"><span class=\\"mb-icon-hover mb-checkbox-icon-hover\\"><div class=\\"mb-checkbox-icon\\"><!----></div></span><span class=\\"mb-checkbox-label\\">Option 3</span></label>
              <!---->
            </div>
            <div class=\\"mb-transfer-list-item\\"><label class=\\"mb-checkbox mb-transfer-list-item-content mb-transfer-list-item-checkbox\\"><input type=\\"checkbox\\" class=\\"mb-checkbox-target\\" value=\\"option5\\"><span class=\\"mb-icon-hover mb-checkbox-icon-hover\\"><div class=\\"mb-checkbox-icon\\"><!----></div></span><span class=\\"mb-checkbox-label\\">Option 5</span></label>
              <!---->
            </div>
            <!---->
          </div>
          <!---->
        </div>
        <!---->
        <!---->
      </div>
    </div>
  </div>
</div>"
`;

exports[`<transfer> demo: render [simple] correctly 1`] = `
"<div class=\\"mb-transfer mb-transfer-simple\\">
  <div class=\\"mb-transfer-view mb-transfer-view-source\\">
    <div class=\\"mb-transfer-view-header\\"><span class=\\"mb-transfer-view-header-title\\">Source</span>
      <!--v-if-->
    </div>
    <!--v-if-->
    <div class=\\"mb-list-wrapper mb-transfer-view-list\\">
      <div class=\\"mb-spin mb-list-spin\\">
        <div class=\\"mb-list mb-list-medium mb-list-split\\">
          <!---->
          <div role=\\"list\\" class=\\"mb-list-content\\">
            <div class=\\"mb-transfer-list-item\\"><span class=\\"mb-transfer-list-item-content\\">Option 2</span>
              <!---->
            </div>
            <div class=\\"mb-transfer-list-item\\"><span class=\\"mb-transfer-list-item-content\\">Option 4</span>
              <!---->
            </div>
            <div class=\\"mb-transfer-list-item\\"><span class=\\"mb-transfer-list-item-content\\">Option 6</span>
              <!---->
            </div>
            <div class=\\"mb-transfer-list-item\\"><span class=\\"mb-transfer-list-item-content\\">Option 7</span>
              <!---->
            </div>
            <div class=\\"mb-transfer-list-item\\"><span class=\\"mb-transfer-list-item-content\\">Option 8</span>
              <!---->
            </div>
            <!---->
          </div>
          <!---->
        </div>
        <!---->
        <!---->
      </div>
    </div>
  </div>
  <!--v-if-->
  <div class=\\"mb-transfer-view mb-transfer-view-target\\">
    <div class=\\"mb-transfer-view-header\\"><span class=\\"mb-transfer-view-header-title\\">Target</span>
      <!--v-if-->
    </div>
    <!--v-if-->
    <div class=\\"mb-list-wrapper mb-transfer-view-list\\">
      <div class=\\"mb-spin mb-list-spin\\">
        <div class=\\"mb-list mb-list-medium mb-list-split\\">
          <!---->
          <div role=\\"list\\" class=\\"mb-list-content\\">
            <div class=\\"mb-transfer-list-item\\"><span class=\\"mb-transfer-list-item-content\\">Option 1</span>
              <!---->
            </div>
            <div class=\\"mb-transfer-list-item\\"><span class=\\"mb-transfer-list-item-content\\">Option 3</span>
              <!---->
            </div>
            <div class=\\"mb-transfer-list-item\\"><span class=\\"mb-transfer-list-item-content\\">Option 5</span>
              <!---->
            </div>
            <!---->
          </div>
          <!---->
        </div>
        <!---->
        <!---->
      </div>
    </div>
  </div>
</div>"
`;
