// Jest Snapshot v1, https://goo.gl/fbAQLP

exports[`<checkbox> demo: render [all] correctly 1`] = `
"<div class=\\"mb-space mb-space-vertical\\">
  <div class=\\"mb-space-item\\" style=\\"margin-bottom: 8px;\\"><label class=\\"mb-checkbox\\"><input type=\\"checkbox\\" class=\\"mb-checkbox-target\\"><span class=\\"mb-icon-hover mb-checkbox-icon-hover\\"><div class=\\"mb-checkbox-icon\\"><!----></div></span><span class=\\"mb-checkbox-label\\">Check All </span></label></div>
  <div class=\\"mb-space-item\\"><span class=\\"mb-checkbox-group mb-checkbox-group-direction-horizontal\\"><label class=\\"mb-checkbox\\"><input type=\\"checkbox\\" class=\\"mb-checkbox-target\\" value=\\"1\\"><span class=\\"mb-icon-hover mb-checkbox-icon-hover\\"><div class=\\"mb-checkbox-icon\\"><!----></div></span><span class=\\"mb-checkbox-label\\">Option 1</span></label><label class=\\"mb-checkbox\\"><input type=\\"checkbox\\" class=\\"mb-checkbox-target\\" value=\\"2\\"><span class=\\"mb-icon-hover mb-checkbox-icon-hover\\"><div class=\\"mb-checkbox-icon\\"><!----></div></span><span class=\\"mb-checkbox-label\\">Option 2</span></label><label class=\\"mb-checkbox\\"><input type=\\"checkbox\\" class=\\"mb-checkbox-target\\" value=\\"3\\"><span class=\\"mb-icon-hover mb-checkbox-icon-hover\\"><div class=\\"mb-checkbox-icon\\"><!----></div></span><span class=\\"mb-checkbox-label\\">Option 3</span></label></span></div>
</div>"
`;

exports[`<checkbox> demo: render [basic] correctly 1`] = `"<label class=\\"mb-checkbox\\"><input type=\\"checkbox\\" class=\\"mb-checkbox-target\\" value=\\"1\\"><span class=\\"mb-icon-hover mb-checkbox-icon-hover\\"><div class=\\"mb-checkbox-icon\\"><!----></div></span><span class=\\"mb-checkbox-label\\">Option 1</span></label>"`;

exports[`<checkbox> demo: render [control] correctly 1`] = `
"<div class=\\"mb-space mb-space-horizontal mb-space-align-center\\">
  <div class=\\"mb-space-item\\" style=\\"margin-right: 24px;\\"><label class=\\"mb-checkbox\\"><input type=\\"checkbox\\" class=\\"mb-checkbox-target\\"><span class=\\"mb-icon-hover mb-checkbox-icon-hover\\"><div class=\\"mb-checkbox-icon\\"><!----></div></span><span class=\\"mb-checkbox-label\\">v-model</span></label></div>
  <div class=\\"mb-space-item\\" style=\\"margin-right: 24px;\\"><label class=\\"mb-checkbox mb-checkbox-checked\\"><input type=\\"checkbox\\" class=\\"mb-checkbox-target\\"><span class=\\"mb-icon-hover mb-icon-hover-disabled mb-checkbox-icon-hover\\"><div class=\\"mb-checkbox-icon\\"><svg aria-hidden=\\"true\\" focusable=\\"false\\" viewBox=\\"0 0 1024 1024\\" width=\\"200\\" height=\\"200\\" fill=\\"currentColor\\" class=\\"mb-checkbox-icon-check\\"><path d=\\"M877.44815445 206.10060629a64.72691371 64.72691371 0 0 0-95.14856334 4.01306852L380.73381888 685.46812814 235.22771741 533.48933518a64.72691371 64.72691371 0 0 0-92.43003222-1.03563036l-45.82665557 45.82665443a64.72691371 64.72691371 0 0 0-0.90617629 90.61767965l239.61903446 250.10479331a64.72691371 64.72691371 0 0 0 71.19960405 15.14609778 64.33855261 64.33855261 0 0 0 35.08198741-21.23042702l36.24707186-42.71976334 40.5190474-40.77795556-3.36579926-3.49525333 411.40426297-486.74638962a64.72691371 64.72691371 0 0 0-3.88361443-87.64024149l-45.3088404-45.43829334z\\" p-id=\\"840\\"></path></svg></div></span><span class=\\"mb-checkbox-label\\">binding value</span></label></div>
  <div class=\\"mb-space-item\\" style=\\"margin-right: 24px;\\"><label class=\\"mb-checkbox\\"><input type=\\"checkbox\\" class=\\"mb-checkbox-target\\"><span class=\\"mb-icon-hover mb-checkbox-icon-hover\\"><div class=\\"mb-checkbox-icon\\"><!----></div></span><span class=\\"mb-checkbox-label\\">binding value2</span></label></div>
  <div class=\\"mb-space-item\\"><label class=\\"mb-checkbox mb-checkbox-checked\\"><input type=\\"checkbox\\" class=\\"mb-checkbox-target\\"><span class=\\"mb-icon-hover mb-icon-hover-disabled mb-checkbox-icon-hover\\"><div class=\\"mb-checkbox-icon\\"><svg aria-hidden=\\"true\\" focusable=\\"false\\" viewBox=\\"0 0 1024 1024\\" width=\\"200\\" height=\\"200\\" fill=\\"currentColor\\" class=\\"mb-checkbox-icon-check\\"><path d=\\"M877.44815445 206.10060629a64.72691371 64.72691371 0 0 0-95.14856334 4.01306852L380.73381888 685.46812814 235.22771741 533.48933518a64.72691371 64.72691371 0 0 0-92.43003222-1.03563036l-45.82665557 45.82665443a64.72691371 64.72691371 0 0 0-0.90617629 90.61767965l239.61903446 250.10479331a64.72691371 64.72691371 0 0 0 71.19960405 15.14609778 64.33855261 64.33855261 0 0 0 35.08198741-21.23042702l36.24707186-42.71976334 40.5190474-40.77795556-3.36579926-3.49525333 411.40426297-486.74638962a64.72691371 64.72691371 0 0 0-3.88361443-87.64024149l-45.3088404-45.43829334z\\" p-id=\\"840\\"></path></svg></div></span><span class=\\"mb-checkbox-label\\">uncontrolled state</span></label></div>
</div>
<div style=\\"margin-top: 20px;\\"><button class=\\"mb-btn mb-btn-primary mb-btn-shape-square mb-btn-size-medium mb-btn-status-normal\\" type=\\"button\\">
    <!--v-if-->check value2
  </button></div>"
`;

exports[`<checkbox> demo: render [custom] correctly 1`] = `
"<span class=\\"mb-checkbox-group mb-checkbox-group-direction-horizontal\\"><label class=\\"mb-checkbox mb-checkbox-checked\\"><input type=\\"checkbox\\" class=\\"mb-checkbox-target\\" value=\\"1\\"><span class=\\"mb-tag mb-tag-size-medium mb-tag-checkable mb-tag-checked\\"><!--v-if-->This is a tag checkbox 1<!--v-if--><!--v-if--></span>
<!----></label><label class=\\"mb-checkbox\\"><input type=\\"checkbox\\" class=\\"mb-checkbox-target\\" value=\\"2\\"><span class=\\"mb-tag mb-tag-size-medium mb-tag-checkable\\"><!--v-if-->This is a tag checkbox 2<!--v-if--><!--v-if--></span>
  <!---->
</label><label class=\\"mb-checkbox\\"><input type=\\"checkbox\\" class=\\"mb-checkbox-target\\" value=\\"3\\"><span class=\\"mb-tag mb-tag-size-medium mb-tag-checkable\\"><!--v-if-->This is a tag checkbox 3<!--v-if--><!--v-if--></span>
  <!---->
</label></span>
<div style=\\"margin-top: 20px;\\"><span class=\\"mb-checkbox-group mb-checkbox-group-direction-horizontal\\"><label class=\\"mb-checkbox\\"><input type=\\"checkbox\\" class=\\"mb-checkbox-target\\" value=\\"1\\"><div class=\\"mb-space mb-space-horizontal mb-space-align-start custom-checkbox-card\\"><div class=\\"mb-space-item\\" style=\\"margin-right: 8px;\\"><div class=\\"custom-checkbox-card-mask\\"><div class=\\"custom-checkbox-card-mask-dot\\"></div></div></div><div class=\\"mb-space-item\\"><div><div class=\\"custom-checkbox-card-title\\"> Checkbox Card 1</div><span class=\\"mb-typography mb-typography-secondary\\"> this is a text <!----><!--v-if--><!--v-if--><!--v-if--></span></div>
</div>
</div>
<!----></label><label class=\\"mb-checkbox\\"><input type=\\"checkbox\\" class=\\"mb-checkbox-target\\" value=\\"2\\">
  <div class=\\"mb-space mb-space-horizontal mb-space-align-start custom-checkbox-card\\">
    <div class=\\"mb-space-item\\" style=\\"margin-right: 8px;\\">
      <div class=\\"custom-checkbox-card-mask\\">
        <div class=\\"custom-checkbox-card-mask-dot\\"></div>
      </div>
    </div>
    <div class=\\"mb-space-item\\">
      <div>
        <div class=\\"custom-checkbox-card-title\\"> Checkbox Card 2</div><span class=\\"mb-typography mb-typography-secondary\\"> this is a text <!----><!--v-if--><!--v-if--><!--v-if--></span>
      </div>
    </div>
  </div>
  <!---->
</label></span></div>"
`;

exports[`<checkbox> demo: render [disabled] correctly 1`] = `
"<div class=\\"mb-space mb-space-horizontal mb-space-align-center\\">
  <div class=\\"mb-space-item\\" style=\\"margin-right: 24px;\\"><label aria-disabled=\\"true\\" class=\\"mb-checkbox mb-checkbox-disabled\\"><input type=\\"checkbox\\" class=\\"mb-checkbox-target\\" disabled=\\"\\" value=\\"1\\"><span class=\\"mb-icon-hover mb-icon-hover-disabled mb-checkbox-icon-hover\\"><div class=\\"mb-checkbox-icon\\"><!----></div></span><span class=\\"mb-checkbox-label\\">Disabled Option 1</span></label></div>
  <div class=\\"mb-space-item\\"><label aria-disabled=\\"true\\" class=\\"mb-checkbox mb-checkbox-checked mb-checkbox-disabled\\"><input type=\\"checkbox\\" class=\\"mb-checkbox-target\\" disabled=\\"\\"><span class=\\"mb-icon-hover mb-icon-hover-disabled mb-checkbox-icon-hover\\"><div class=\\"mb-checkbox-icon\\"><svg aria-hidden=\\"true\\" focusable=\\"false\\" viewBox=\\"0 0 1024 1024\\" width=\\"200\\" height=\\"200\\" fill=\\"currentColor\\" class=\\"mb-checkbox-icon-check\\"><path d=\\"M877.44815445 206.10060629a64.72691371 64.72691371 0 0 0-95.14856334 4.01306852L380.73381888 685.46812814 235.22771741 533.48933518a64.72691371 64.72691371 0 0 0-92.43003222-1.03563036l-45.82665557 45.82665443a64.72691371 64.72691371 0 0 0-0.90617629 90.61767965l239.61903446 250.10479331a64.72691371 64.72691371 0 0 0 71.19960405 15.14609778 64.33855261 64.33855261 0 0 0 35.08198741-21.23042702l36.24707186-42.71976334 40.5190474-40.77795556-3.36579926-3.49525333 411.40426297-486.74638962a64.72691371 64.72691371 0 0 0-3.88361443-87.64024149l-45.3088404-45.43829334z\\" p-id=\\"840\\"></path></svg></div></span><span class=\\"mb-checkbox-label\\">Disabled Option 2</span></label></div>
</div>"
`;

exports[`<checkbox> demo: render [group] correctly 1`] = `
"<div class=\\"mb-space mb-space-vertical\\">
  <div class=\\"mb-space-item\\" style=\\"margin-bottom: 24px;\\"><span class=\\"mb-checkbox-group mb-checkbox-group-direction-horizontal\\"><label class=\\"mb-checkbox\\"><input type=\\"checkbox\\" class=\\"mb-checkbox-target\\" value=\\"1\\"><span class=\\"mb-icon-hover mb-checkbox-icon-hover\\"><div class=\\"mb-checkbox-icon\\"><!----></div></span><span class=\\"mb-checkbox-label\\">Option 1</span></label><label class=\\"mb-checkbox\\"><input type=\\"checkbox\\" class=\\"mb-checkbox-target\\" value=\\"2\\"><span class=\\"mb-icon-hover mb-checkbox-icon-hover\\"><div class=\\"mb-checkbox-icon\\"><!----></div></span><span class=\\"mb-checkbox-label\\">Option 2</span></label><label class=\\"mb-checkbox\\"><input type=\\"checkbox\\" class=\\"mb-checkbox-target\\" value=\\"3\\"><span class=\\"mb-icon-hover mb-checkbox-icon-hover\\"><div class=\\"mb-checkbox-icon\\"><!----></div></span><span class=\\"mb-checkbox-label\\">Option 3</span></label></span></div>
  <div class=\\"mb-space-item\\"><span class=\\"mb-checkbox-group mb-checkbox-group-direction-vertical\\"><label class=\\"mb-checkbox\\"><input type=\\"checkbox\\" class=\\"mb-checkbox-target\\" value=\\"1\\"><span class=\\"mb-icon-hover mb-checkbox-icon-hover\\"><div class=\\"mb-checkbox-icon\\"><!----></div></span><span class=\\"mb-checkbox-label\\">Option 1</span></label><label class=\\"mb-checkbox\\"><input type=\\"checkbox\\" class=\\"mb-checkbox-target\\" value=\\"2\\"><span class=\\"mb-icon-hover mb-checkbox-icon-hover\\"><div class=\\"mb-checkbox-icon\\"><!----></div></span><span class=\\"mb-checkbox-label\\">Option 2</span></label><label class=\\"mb-checkbox\\"><input type=\\"checkbox\\" class=\\"mb-checkbox-target\\" value=\\"3\\"><span class=\\"mb-icon-hover mb-checkbox-icon-hover\\"><div class=\\"mb-checkbox-icon\\"><!----></div></span><span class=\\"mb-checkbox-label\\">Option 3</span></label></span></div>
</div>"
`;

exports[`<checkbox> demo: render [layout] correctly 1`] = `
"<span class=\\"mb-checkbox-group mb-checkbox-group-direction-horizontal\\"><div class=\\"mb-grid\\" style=\\"gap: 16px 24px; grid-template-columns: repeat(3, minmax(0px, 1fr));\\"><div class=\\"mb-grid-item\\" style=\\"grid-column: span 1 / span 1; display: none;\\"><label class=\\"mb-checkbox mb-checkbox-checked\\"><input type=\\"checkbox\\" class=\\"mb-checkbox-target\\" value=\\"1\\"><span class=\\"mb-icon-hover mb-icon-hover-disabled mb-checkbox-icon-hover\\"><div class=\\"mb-checkbox-icon\\"><svg aria-hidden=\\"true\\" focusable=\\"false\\" viewBox=\\"0 0 1024 1024\\" width=\\"200\\" height=\\"200\\" fill=\\"currentColor\\" class=\\"mb-checkbox-icon-check\\"><path d=\\"M877.44815445 206.10060629a64.72691371 64.72691371 0 0 0-95.14856334 4.01306852L380.73381888 685.46812814 235.22771741 533.48933518a64.72691371 64.72691371 0 0 0-92.43003222-1.03563036l-45.82665557 45.82665443a64.72691371 64.72691371 0 0 0-0.90617629 90.61767965l239.61903446 250.10479331a64.72691371 64.72691371 0 0 0 71.19960405 15.14609778 64.33855261 64.33855261 0 0 0 35.08198741-21.23042702l36.24707186-42.71976334 40.5190474-40.77795556-3.36579926-3.49525333 411.40426297-486.74638962a64.72691371 64.72691371 0 0 0-3.88361443-87.64024149l-45.3088404-45.43829334z\\" p-id=\\"840\\"></path></svg></div></span><span class=\\"mb-checkbox-label\\">Option 1</span></label></div>
<div class=\\"mb-grid-item\\" style=\\"grid-column: span 1 / span 1; display: none;\\"><label aria-disabled=\\"true\\" class=\\"mb-checkbox mb-checkbox-checked mb-checkbox-disabled\\"><input type=\\"checkbox\\" class=\\"mb-checkbox-target\\" disabled=\\"\\" value=\\"2\\"><span class=\\"mb-icon-hover mb-icon-hover-disabled mb-checkbox-icon-hover\\"><div class=\\"mb-checkbox-icon\\"><svg aria-hidden=\\"true\\" focusable=\\"false\\" viewBox=\\"0 0 1024 1024\\" width=\\"200\\" height=\\"200\\" fill=\\"currentColor\\" class=\\"mb-checkbox-icon-check\\"><path d=\\"M877.44815445 206.10060629a64.72691371 64.72691371 0 0 0-95.14856334 4.01306852L380.73381888 685.46812814 235.22771741 533.48933518a64.72691371 64.72691371 0 0 0-92.43003222-1.03563036l-45.82665557 45.82665443a64.72691371 64.72691371 0 0 0-0.90617629 90.61767965l239.61903446 250.10479331a64.72691371 64.72691371 0 0 0 71.19960405 15.14609778 64.33855261 64.33855261 0 0 0 35.08198741-21.23042702l36.24707186-42.71976334 40.5190474-40.77795556-3.36579926-3.49525333 411.40426297-486.74638962a64.72691371 64.72691371 0 0 0-3.88361443-87.64024149l-45.3088404-45.43829334z\\" p-id=\\"840\\"></path></svg></div></span><span class=\\"mb-checkbox-label\\">Option 2</span></label></div>
<div class=\\"mb-grid-item\\" style=\\"grid-column: span 1 / span 1; display: none;\\"><label class=\\"mb-checkbox\\"><input type=\\"checkbox\\" class=\\"mb-checkbox-target\\" value=\\"3\\"><span class=\\"mb-icon-hover mb-checkbox-icon-hover\\"><div class=\\"mb-checkbox-icon\\"><!----></div></span><span class=\\"mb-checkbox-label\\">Option 3</span></label></div>
<div class=\\"mb-grid-item\\" style=\\"grid-column: span 1 / span 1; display: none;\\"><label class=\\"mb-checkbox\\"><input type=\\"checkbox\\" class=\\"mb-checkbox-target\\" value=\\"4\\"><span class=\\"mb-icon-hover mb-checkbox-icon-hover\\"><div class=\\"mb-checkbox-icon\\"><!----></div></span><span class=\\"mb-checkbox-label\\">Option 4</span></label></div>
<div class=\\"mb-grid-item\\" style=\\"grid-column: span 1 / span 1; display: none;\\"><label class=\\"mb-checkbox\\"><input type=\\"checkbox\\" class=\\"mb-checkbox-target\\" value=\\"5\\"><span class=\\"mb-icon-hover mb-checkbox-icon-hover\\"><div class=\\"mb-checkbox-icon\\"><!----></div></span><span class=\\"mb-checkbox-label\\">Option 5</span></label></div>
</div></span>"
`;

exports[`<checkbox> demo: render [options] correctly 1`] = `
"<div class=\\"mb-space mb-space-vertical\\">
  <div class=\\"mb-space-item\\" style=\\"margin-bottom: 24px;\\"><span class=\\"mb-checkbox-group mb-checkbox-group-direction-horizontal\\"><label class=\\"mb-checkbox mb-checkbox-checked\\"><input type=\\"checkbox\\" class=\\"mb-checkbox-target\\" value=\\"plain 1\\"><span class=\\"mb-icon-hover mb-icon-hover-disabled mb-checkbox-icon-hover\\"><div class=\\"mb-checkbox-icon\\"><svg aria-hidden=\\"true\\" focusable=\\"false\\" viewBox=\\"0 0 1024 1024\\" width=\\"200\\" height=\\"200\\" fill=\\"currentColor\\" class=\\"mb-checkbox-icon-check\\"><path d=\\"M877.44815445 206.10060629a64.72691371 64.72691371 0 0 0-95.14856334 4.01306852L380.73381888 685.46812814 235.22771741 533.48933518a64.72691371 64.72691371 0 0 0-92.43003222-1.03563036l-45.82665557 45.82665443a64.72691371 64.72691371 0 0 0-0.90617629 90.61767965l239.61903446 250.10479331a64.72691371 64.72691371 0 0 0 71.19960405 15.14609778 64.33855261 64.33855261 0 0 0 35.08198741-21.23042702l36.24707186-42.71976334 40.5190474-40.77795556-3.36579926-3.49525333 411.40426297-486.74638962a64.72691371 64.72691371 0 0 0-3.88361443-87.64024149l-45.3088404-45.43829334z\\" p-id=\\"840\\"></path></svg></div></span><span class=\\"mb-checkbox-label\\">plain 1</span></label><label class=\\"mb-checkbox\\"><input type=\\"checkbox\\" class=\\"mb-checkbox-target\\" value=\\"plain 2\\"><span class=\\"mb-icon-hover mb-checkbox-icon-hover\\"><div class=\\"mb-checkbox-icon\\"><!----></div></span><span class=\\"mb-checkbox-label\\">plain 2</span></label><label class=\\"mb-checkbox\\"><input type=\\"checkbox\\" class=\\"mb-checkbox-target\\" value=\\"plain 3\\"><span class=\\"mb-icon-hover mb-checkbox-icon-hover\\"><div class=\\"mb-checkbox-icon\\"><!----></div></span><span class=\\"mb-checkbox-label\\">plain 3</span></label></span></div>
  <div class=\\"mb-space-item\\" style=\\"margin-bottom: 24px;\\"><span class=\\"mb-checkbox-group mb-checkbox-group-direction-horizontal\\"><label class=\\"mb-checkbox mb-checkbox-checked\\"><input type=\\"checkbox\\" class=\\"mb-checkbox-target\\" value=\\"1\\"><span class=\\"mb-icon-hover mb-icon-hover-disabled mb-checkbox-icon-hover\\"><div class=\\"mb-checkbox-icon\\"><svg aria-hidden=\\"true\\" focusable=\\"false\\" viewBox=\\"0 0 1024 1024\\" width=\\"200\\" height=\\"200\\" fill=\\"currentColor\\" class=\\"mb-checkbox-icon-check\\"><path d=\\"M877.44815445 206.10060629a64.72691371 64.72691371 0 0 0-95.14856334 4.01306852L380.73381888 685.46812814 235.22771741 533.48933518a64.72691371 64.72691371 0 0 0-92.43003222-1.03563036l-45.82665557 45.82665443a64.72691371 64.72691371 0 0 0-0.90617629 90.61767965l239.61903446 250.10479331a64.72691371 64.72691371 0 0 0 71.19960405 15.14609778 64.33855261 64.33855261 0 0 0 35.08198741-21.23042702l36.24707186-42.71976334 40.5190474-40.77795556-3.36579926-3.49525333 411.40426297-486.74638962a64.72691371 64.72691371 0 0 0-3.88361443-87.64024149l-45.3088404-45.43829334z\\" p-id=\\"840\\"></path></svg></div></span><span class=\\"mb-checkbox-label\\">option 1</span></label><label class=\\"mb-checkbox\\"><input type=\\"checkbox\\" class=\\"mb-checkbox-target\\" value=\\"2\\"><span class=\\"mb-icon-hover mb-checkbox-icon-hover\\"><div class=\\"mb-checkbox-icon\\"><!----></div></span><span class=\\"mb-checkbox-label\\">option 2</span></label><label aria-disabled=\\"true\\" class=\\"mb-checkbox mb-checkbox-disabled\\"><input type=\\"checkbox\\" class=\\"mb-checkbox-target\\" disabled=\\"\\" value=\\"3\\"><span class=\\"mb-icon-hover mb-icon-hover-disabled mb-checkbox-icon-hover\\"><div class=\\"mb-checkbox-icon\\"><!----></div></span><span class=\\"mb-checkbox-label\\">option 3</span></label></span></div>
  <div class=\\"mb-space-item\\"><span class=\\"mb-checkbox-group mb-checkbox-group-direction-horizontal\\"><label class=\\"mb-checkbox mb-checkbox-checked\\"><input type=\\"checkbox\\" class=\\"mb-checkbox-target\\" value=\\"1\\"><span class=\\"mb-icon-hover mb-icon-hover-disabled mb-checkbox-icon-hover\\"><div class=\\"mb-checkbox-icon\\"><svg aria-hidden=\\"true\\" focusable=\\"false\\" viewBox=\\"0 0 1024 1024\\" width=\\"200\\" height=\\"200\\" fill=\\"currentColor\\" class=\\"mb-checkbox-icon-check\\"><path d=\\"M877.44815445 206.10060629a64.72691371 64.72691371 0 0 0-95.14856334 4.01306852L380.73381888 685.46812814 235.22771741 533.48933518a64.72691371 64.72691371 0 0 0-92.43003222-1.03563036l-45.82665557 45.82665443a64.72691371 64.72691371 0 0 0-0.90617629 90.61767965l239.61903446 250.10479331a64.72691371 64.72691371 0 0 0 71.19960405 15.14609778 64.33855261 64.33855261 0 0 0 35.08198741-21.23042702l36.24707186-42.71976334 40.5190474-40.77795556-3.36579926-3.49525333 411.40426297-486.74638962a64.72691371 64.72691371 0 0 0-3.88361443-87.64024149l-45.3088404-45.43829334z\\" p-id=\\"840\\"></path></svg></div></span><span class=\\"mb-checkbox-label\\"><span class=\\"mb-tag mb-tag-size-medium mb-tag-checked\\"><!--v-if-->option 1<!--v-if--><!--v-if--></span></span></label><label class=\\"mb-checkbox\\"><input type=\\"checkbox\\" class=\\"mb-checkbox-target\\" value=\\"2\\"><span class=\\"mb-icon-hover mb-checkbox-icon-hover\\"><div class=\\"mb-checkbox-icon\\"><!----></div></span><span class=\\"mb-checkbox-label\\"><span class=\\"mb-tag mb-tag-size-medium mb-tag-checked\\"><!--v-if-->option 2<!--v-if--><!--v-if--></span></span></label><label aria-disabled=\\"true\\" class=\\"mb-checkbox mb-checkbox-disabled\\"><input type=\\"checkbox\\" class=\\"mb-checkbox-target\\" disabled=\\"\\" value=\\"3\\"><span class=\\"mb-icon-hover mb-icon-hover-disabled mb-checkbox-icon-hover\\"><div class=\\"mb-checkbox-icon\\"><!----></div></span><span class=\\"mb-checkbox-label\\"><span class=\\"mb-tag mb-tag-size-medium mb-tag-checked\\"><!--v-if-->option 3<!--v-if--><!--v-if--></span></span></label></span></div>
</div>"
`;
